Component: ARM Compiler 5.06 update 4 (build 422) Tool: armlink [4d35d2]

==============================================================================

Section Cross References

    startup_stm32f40_41xxx.o(RESET) refers to startup_stm32f40_41xxx.o(STACK) for __initial_sp
    startup_stm32f40_41xxx.o(RESET) refers to startup_stm32f40_41xxx.o(.text) for Reset_Handler
    startup_stm32f40_41xxx.o(RESET) refers to stm32f4xx_it.o(.text) for NMI_Handler
    startup_stm32f40_41xxx.o(RESET) refers to port.o(.emb_text) for SVC_Handler
    startup_stm32f40_41xxx.o(RESET) refers to port.o(.text) for SysTick_Handler
    startup_stm32f40_41xxx.o(RESET) refers to timer2_driver.o(.text) for TIM2_IRQHandler
    startup_stm32f40_41xxx.o(RESET) refers to dhcp.o(.text) for TIM3_IRQHandler
    startup_stm32f40_41xxx.o(RESET) refers to usart1_driver.o(.text) for USART1_IRQHandler
    startup_stm32f40_41xxx.o(RESET) refers to timer5_driver.o(.text) for TIM5_IRQHandler
    startup_stm32f40_41xxx.o(.text) refers to system_stm32f4xx.o(.text) for SystemInit
    startup_stm32f40_41xxx.o(.text) refers to entry.o(.ARM.Collect$$$$00000000) for __main
    system_stm32f4xx.o(.text) refers to system_stm32f4xx.o(.data) for SystemCoreClock
    stm32f4xx_adc.o(.text) refers to stm32f4xx_rcc.o(.text) for RCC_APB2PeriphResetCmd
    stm32f4xx_gpio.o(.text) refers to stm32f4xx_rcc.o(.text) for RCC_AHB1PeriphResetCmd
    stm32f4xx_i2c.o(.text) refers to stm32f4xx_rcc.o(.text) for RCC_APB1PeriphResetCmd
    stm32f4xx_rcc.o(.text) refers to stm32f4xx_rcc.o(.data) for APBAHBPrescTable
    stm32f4xx_spi.o(.text) refers to stm32f4xx_rcc.o(.text) for RCC_APB2PeriphResetCmd
    stm32f4xx_syscfg.o(.text) refers to stm32f4xx_rcc.o(.text) for RCC_APB2PeriphResetCmd
    stm32f4xx_tim.o(.text) refers to stm32f4xx_rcc.o(.text) for RCC_APB2PeriphResetCmd
    stm32f4xx_usart.o(.text) refers to stm32f4xx_rcc.o(.text) for RCC_APB2PeriphResetCmd
    stm32f4xx_wwdg.o(.text) refers to stm32f4xx_rcc.o(.text) for RCC_APB1PeriphResetCmd
    stm32f4xx_pwr.o(.text) refers to stm32f4xx_rcc.o(.text) for RCC_APB1PeriphResetCmd
    event_groups.o(.text) refers to heap_4.o(.text) for pvPortMalloc
    event_groups.o(.text) refers to list.o(.text) for vListInitialise
    event_groups.o(.text) refers to tasks.o(.text) for vTaskSuspendAll
    event_groups.o(.text) refers to port.o(.text) for vPortEnterCritical
    queue.o(.text) refers to port.o(.text) for vPortEnterCritical
    queue.o(.text) refers to tasks.o(.text) for xTaskRemoveFromEventList
    queue.o(.text) refers to list.o(.text) for vListInitialise
    queue.o(.text) refers to heap_4.o(.text) for pvPortMalloc
    queue.o(.text) refers to memcpya.o(.text) for __aeabi_memcpy
    tasks.o(.text) refers to list.o(.text) for vListInitialise
    tasks.o(.text) refers to heap_4.o(.text) for pvPortMalloc
    tasks.o(.text) refers to memseta.o(.text) for __aeabi_memset
    tasks.o(.text) refers to port.o(.text) for pxPortInitialiseStack
    tasks.o(.text) refers to tasks.o(.bss) for pxReadyTasksLists
    tasks.o(.text) refers to tasks.o(.data) for pxDelayedTaskList
    port.o(.emb_text) refers to tasks.o(.text) for vTaskSwitchContext
    port.o(.emb_text) refers to tasks.o(.data) for pxCurrentTCB
    port.o(.text) refers to port.o(.emb_text) for __asm___6_port_c_39a90d8d__prvEnableVFP
    port.o(.text) refers to tasks.o(.text) for xTaskIncrementTick
    port.o(.text) refers to port.o(.data) for uxCriticalNesting
    heap_4.o(.text) refers to tasks.o(.text) for vTaskSuspendAll
    heap_4.o(.text) refers to heap_4.o(.data) for xStart
    heap_4.o(.text) refers to heap_4.o(.bss) for ucHeap
    main.o(.text) refers to tasks.o(.text) for xTaskGenericCreate
    main.o(.text) refers to board.o(.text) for boardInit
    main.o(.text) refers to printfa.o(i.__0printf) for __2printf
    main.o(.text) refers to flash.o(.text) for systemReboot
    main.o(.text) refers to task_wdg.o(.text) for osTaskDog
    main.o(.text) refers to task_mqtt.o(.text) for osTaskMqt
    main.o(.text) refers to task_web.o(.text) for osTaskWeb
    main.o(.text) refers to main.o(.conststring) for .conststring
    stm32f4xx_it.o(.text) refers to printfa.o(i.__0printf) for __2printf
    stm32f4xx_it.o(.text) refers to stm32f4xx_it.o(.conststring) for .conststring
    task_wdg.o(.text) refers to inout_driver.o(.text) for resetkeyPressDown
    task_wdg.o(.text) refers to at24cx_driver.o(.text) for clear_data_from_eeprom
    task_wdg.o(.text) refers to flash.o(.text) for systemReboot
    task_wdg.o(.text) refers to tasks.o(.text) for xTaskGetTickCount
    task_wdg.o(.text) refers to led_driver.o(.text) for ledFlashSet
    task_wdg.o(.text) refers to wdg_driver.o(.text) for wdgFeed
    task_wdg.o(.text) refers to fiforx.o(.text) for fifoRxGetBufDataCount
    task_wdg.o(.text) refers to printfa.o(i.__0printf) for __2printf
    task_wdg.o(.text) refers to usart1_driver.o(.text) for usart1SendBuffer
    task_wdg.o(.text) refers to task_wdg.o(.data) for resetKeyDelay
[...]
    OTG_FS_IRQHandler                        0x0800026f   Thumb Code     0  startup_stm32f40_41xxx.o(.text)
    OTG_FS_WKUP_IRQHandler                   0x0800026f   Thumb Code     0  startup_stm32f40_41xxx.o(.text)
    OTG_HS_EP1_IN_IRQHandler                 0x0800026f   Thumb Code     0  startup_stm32f40_41xxx.o(.text)
    OTG_HS_EP1_OUT_IRQHandler                0x0800026f   Thumb Code     0  startup_stm32f40_41xxx.o(.text)
    OTG_HS_IRQHandler                        0x0800026f   Thumb Code     0  startup_stm32f40_41xxx.o(.text)
    OTG_HS_WKUP_IRQHandler                   0x0800026f   Thumb Code     0  startup_stm32f40_41xxx.o(.text)
    PVD_IRQHandler                           0x0800026f   Thumb Code     0  startup_stm32f40_41xxx.o(.text)
    RCC_IRQHandler                           0x0800026f   Thumb Code     0  startup_stm32f40_41xxx.o(.text)
    RTC_Alarm_IRQHandler                     0x0800026f   Thumb Code     0  startup_stm32f40_41xxx.o(.text)
    RTC_WKUP_IRQHandler                      0x0800026f   Thumb Code     0  startup_stm32f40_41xxx.o(.text)
    SDIO_IRQHandler                          0x0800026f   Thumb Code     0  startup_stm32f40_41xxx.o(.text)
    SPI1_IRQHandler                          0x0800026f   Thumb Code     0  startup_stm32f40_41xxx.o(.text)
    SPI2_IRQHandler                          0x0800026f   Thumb Code     0  startup_stm32f40_41xxx.o(.text)
    SPI3_IRQHandler                          0x0800026f   Thumb Code     0  startup_stm32f40_41xxx.o(.text)
    TAMP_STAMP_IRQHandler                    0x0800026f   Thumb Code     0  startup_stm32f40_41xxx.o(.text)
    TIM1_BRK_TIM9_IRQHandler                 0x0800026f   Thumb Code     0  startup_stm32f40_41xxx.o(.text)
    TIM1_CC_IRQHandler                       0x0800026f   Thumb Code     0  startup_stm32f40_41xxx.o(.text)
    TIM1_TRG_COM_TIM11_IRQHandler            0x0800026f   Thumb Code     0  startup_stm32f40_41xxx.o(.text)
    TIM1_UP_TIM10_IRQHandler                 0x0800026f   Thumb Code     0  startup_stm32f40_41xxx.o(.text)
    TIM4_IRQHandler                          0x0800026f   Thumb Code     0  startup_stm32f40_41xxx.o(.text)
    TIM6_DAC_IRQHandler                      0x0800026f   Thumb Code     0  startup_stm32f40_41xxx.o(.text)
    TIM7_IRQHandler                          0x0800026f   Thumb Code     0  startup_stm32f40_41xxx.o(.text)
    TIM8_BRK_TIM12_IRQHandler                0x0800026f   Thumb Code     0  startup_stm32f40_41xxx.o(.text)
    TIM8_CC_IRQHandler                       0x0800026f   Thumb Code     0  startup_stm32f40_41xxx.o(.text)
    TIM8_TRG_COM_TIM14_IRQHandler            0x0800026f   Thumb Code     0  startup_stm32f40_41xxx.o(.text)
    TIM8_UP_TIM13_IRQHandler                 0x0800026f   Thumb Code     0  startup_stm32f40_41xxx.o(.text)
    UART4_IRQHandler                         0x0800026f   Thumb Code     0  startup_stm32f40_41xxx.o(.text)
    UART5_IRQHandler                         0x0800026f   Thumb Code     0  startup_stm32f40_41xxx.o(.text)
    USART2_IRQHandler                        0x0800026f   Thumb Code     0  startup_stm32f40_41xxx.o(.text)
    USART3_IRQHandler                        0x0800026f   Thumb Code     0  startup_stm32f40_41xxx.o(.text)
    USART6_IRQHandler                        0x0800026f   Thumb Code     0  startup_stm32f40_41xxx.o(.text)
    WWDG_IRQHandler                          0x0800026f   Thumb Code     0  startup_stm32f40_41xxx.o(.text)
    SystemInit                               0x08000355   Thumb Code    88  system_stm32f4xx.o(.text)
    SystemCoreClockUpdate                    0x080003ad   Thumb Code   174  system_stm32f4xx.o(.text)
    NVIC_PriorityGroupConfig                 0x08000489   Thumb Code    10  misc.o(.text)
    NVIC_Init                                0x08000493   Thumb Code   106  misc.o(.text)
    NVIC_SetVectorTable                      0x080004fd   Thumb Code    14  misc.o(.text)
    NVIC_SystemLPConfig                      0x0800050b   Thumb Code    34  misc.o(.text)
    SysTick_CLKSourceConfig                  0x0800052d   Thumb Code    40  misc.o(.text)
    FLASH_SetLatency                         0x08000569   Thumb Code     6  stm32f4xx_flash.o(.text)
    FLASH_PrefetchBufferCmd                  0x0800056f   Thumb Code    30  stm32f4xx_flash.o(.text)
    FLASH_InstructionCacheCmd                0x0800058d   Thumb Code    30  stm32f4xx_flash.o(.text)
    FLASH_DataCacheCmd                       0x080005ab   Thumb Code    30  stm32f4xx_flash.o(.text)
    FLASH_InstructionCacheReset              0x080005c9   Thumb Code    14  stm32f4xx_flash.o(.text)
    FLASH_DataCacheReset                     0x080005d7   Thumb Code    14  stm32f4xx_flash.o(.text)
    FLASH_Unlock                             0x080005e5   Thumb Code    26  stm32f4xx_flash.o(.text)
    FLASH_Lock                               0x080005ff   Thumb Code    18  stm32f4xx_flash.o(.text)
    FLASH_GetStatus                          0x08000611   Thumb Code    90  stm32f4xx_flash.o(.text)
    FLASH_WaitForLastOperation               0x0800066b   Thumb Code    34  stm32f4xx_flash.o(.text)
    FLASH_EraseSector                        0x0800068d   Thumb Code   140  stm32f4xx_flash.o(.text)
    FLASH_EraseAllSectors                    0x08000719   Thumb Code   112  stm32f4xx_flash.o(.text)
    FLASH_EraseAllBank1Sectors               0x08000789   Thumb Code   112  stm32f4xx_flash.o(.text)
    FLASH_EraseAllBank2Sectors               0x080007f9   Thumb Code   112  stm32f4xx_flash.o(.text)
    FLASH_ProgramDoubleWord                  0x08000869   Thumb Code    86  stm32f4xx_flash.o(.text)
    FLASH_ProgramWord                        0x080008bf   Thumb Code    82  stm32f4xx_flash.o(.text)
    FLASH_ProgramHalfWord                    0x08000911   Thumb Code    96  stm32f4xx_flash.o(.text)
    FLASH_ProgramByte                        0x08000971   Thumb Code    70  stm32f4xx_flash.o(.text)
    FLASH_OB_Unlock                          0x080009b7   Thumb Code    26  stm32f4xx_flash.o(.text)
    FLASH_OB_Lock                            0x080009d1   Thumb Code    18  stm32f4xx_flash.o(.text)
    FLASH_OB_WRPConfig                       0x080009e3   Thumb Code    54  stm32f4xx_flash.o(.text)
    FLASH_OB_WRP1Config                      0x08000a19   Thumb Code    54  stm32f4xx_flash.o(.text)
    FLASH_OB_PCROPSelectionConfig            0x08000a4f   Thumb Code    24  stm32f4xx_flash.o(.text)
    FLASH_OB_PCROPConfig                     0x08000a67   Thumb Code    54  stm32f4xx_flash.o(.text)
    FLASH_OB_PCROP1Config                    0x08000a9d   Thumb Code    54  stm32f4xx_flash.o(.text)
    FLASH_OB_RDPConfig                       0x08000ad3   Thumb Code    24  stm32f4xx_flash.o(.text)
    FLASH_OB_UserConfig                      0x08000aeb   Thumb Code    46  stm32f4xx_flash.o(.text)
    FLASH_OB_BootConfig                      0x08000b19   Thumb Code    26  stm32f4xx_flash.o(.text)
    FLASH_OB_BORConfig                       0x08000b33   Thumb Code    26  stm32f4xx_flash.o(.text)
    FLASH_OB_Launch                          0x08000b4d   Thumb Code    30  stm32f4xx_flash.o(.text)
    FLASH_OB_GetUser                         0x08000b6b   Thumb Code    12  stm32f4xx_flash.o(.text)
    FLASH_OB_GetWRP                          0x08000b77   Thumb Code     8  stm32f4xx_flash.o(.text)
    FLASH_OB_GetWRP1                         0x08000b7f   Thumb Code     8  stm32f4xx_flash.o(.text)
    FLASH_OB_GetPCROP                        0x08000b87   Thumb Code     8  stm32f4xx_flash.o(.text)
    FLASH_OB_GetPCROP1                       0x08000b8f   Thumb Code     8  stm32f4xx_flash.o(.text)
    FLASH_OB_GetRDP                          0x08000b97   Thumb Code    20  stm32f4xx_flash.o(.text)
    FLASH_OB_GetBOR                          0x08000bab   Thumb Code    12  stm32f4xx_flash.o(.text)
    FLASH_ITConfig                           0x08000bb7   Thumb Code    26  stm32f4xx_flash.o(.text)
    FLASH_GetFlagStatus                      0x08000bd1   Thumb Code    22  stm32f4xx_flash.o(.text)
    FLASH_ClearFlag                          0x08000be7   Thumb Code     8  stm32f4xx_flash.o(.text)
    GPIO_DeInit                              0x08000bfd   Thumb Code   268  stm32f4xx_gpio.o(.text)
    GPIO_Init                                0x08000d09   Thumb Code   144  stm32f4xx_gpio.o(.text)
    GPIO_StructInit                          0x08000d99   Thumb Code    18  stm32f4xx_gpio.o(.text)
    GPIO_PinLockConfig                       0x08000dab   Thumb Code    34  stm32f4xx_gpio.o(.text)
    GPIO_ReadInputDataBit                    0x08000dcd   Thumb Code    18  stm32f4xx_gpio.o(.text)
    GPIO_ReadInputData                       0x08000ddf   Thumb Code     8  stm32f4xx_gpio.o(.text)
    GPIO_ReadOutputDataBit                   0x08000de7   Thumb Code    18  stm32f4xx_gpio.o(.text)
    GPIO_ReadOutputData                      0x08000df9   Thumb Code     8  stm32f4xx_gpio.o(.text)
    GPIO_SetBits                             0x08000e01   Thumb Code     4  stm32f4xx_gpio.o(.text)
    GPIO_ResetBits                           0x08000e05   Thumb Code     4  stm32f4xx_gpio.o(.text)
    GPIO_WriteBit                            0x08000e09   Thumb Code    10  stm32f4xx_gpio.o(.text)
    GPIO_Write                               0x08000e13   Thumb Code     4  stm32f4xx_gpio.o(.text)
    GPIO_ToggleBits                          0x08000e17   Thumb Code     8  stm32f4xx_gpio.o(.text)
    GPIO_PinAFConfig                         0x08000e1f   Thumb Code    70  stm32f4xx_gpio.o(.text)
    IWDG_WriteAccessCmd                      0x08000e91   Thumb Code     6  stm32f4xx_iwdg.o(.text)
    IWDG_SetPrescaler                        0x08000e97   Thumb Code     6  stm32f4xx_iwdg.o(.text)
    IWDG_SetReload                           0x08000e9d   Thumb Code     6  stm32f4xx_iwdg.o(.text)
    IWDG_ReloadCounter                       0x08000ea3   Thumb Code    10  stm32f4xx_iwdg.o(.text)
    IWDG_Enable                              0x08000ead   Thumb Code    10  stm32f4xx_iwdg.o(.text)
    IWDG_GetFlagStatus                       0x08000eb7   Thumb Code    20  stm32f4xx_iwdg.o(.text)
    RCC_DeInit                               0x08000ed1   Thumb Code    82  stm32f4xx_rcc.o(.text)
    RCC_HSEConfig                            0x08000f23   Thumb Code    14  stm32f4xx_rcc.o(.text)
    RCC_GetFlagStatus                        0x08000f31   Thumb Code    60  stm32f4xx_rcc.o(.text)
    RCC_WaitForHSEStartUp                    0x08000f6d   Thumb Code    56  stm32f4xx_rcc.o(.text)
    RCC_AdjustHSICalibrationValue            0x08000fa5   Thumb Code    20  stm32f4xx_rcc.o(.text)
    RCC_HSICmd                               0x08000fb9   Thumb Code     6  stm32f4xx_rcc.o(.text)
    RCC_LSEConfig                            0x08000fbf   Thumb Code    46  stm32f4xx_rcc.o(.text)
    RCC_LSICmd                               0x08000fed   Thumb Code     6  stm32f4xx_rcc.o(.text)
    RCC_PLLConfig                            0x08000ff3   Thumb Code    32  stm32f4xx_rcc.o(.text)
    RCC_PLLCmd                               0x08001013   Thumb Code     6  stm32f4xx_rcc.o(.text)
    RCC_PLLI2SConfig                         0x08001019   Thumb Code    14  stm32f4xx_rcc.o(.text)
    RCC_PLLI2SCmd                            0x08001027   Thumb Code     6  stm32f4xx_rcc.o(.text)
    RCC_PLLSAIConfig                         0x0800102d   Thumb Code    20  stm32f4xx_rcc.o(.text)
    RCC_PLLSAICmd                            0x08001041   Thumb Code     6  stm32f4xx_rcc.o(.text)
    RCC_ClockSecuritySystemCmd               0x08001047   Thumb Code     6  stm32f4xx_rcc.o(.text)
    RCC_MCO1Config                           0x0800104d   Thumb Code    28  stm32f4xx_rcc.o(.text)
    RCC_MCO2Config                           0x08001069   Thumb Code    28  stm32f4xx_rcc.o(.text)
    RCC_SYSCLKConfig                         0x08001085   Thumb Code    20  stm32f4xx_rcc.o(.text)
    RCC_GetSYSCLKSource                      0x08001099   Thumb Code    12  stm32f4xx_rcc.o(.text)
    RCC_HCLKConfig                           0x080010a5   Thumb Code    20  stm32f4xx_rcc.o(.text)
    RCC_PCLK1Config                          0x080010b9   Thumb Code    20  stm32f4xx_rcc.o(.text)
    RCC_PCLK2Config                          0x080010cd   Thumb Code    22  stm32f4xx_rcc.o(.text)
    RCC_GetClocksFreq                        0x080010e3   Thumb Code   222  stm32f4xx_rcc.o(.text)
    RCC_RTCCLKConfig                         0x080011c1   Thumb Code    54  stm32f4xx_rcc.o(.text)
    RCC_RTCCLKCmd                            0x080011f7   Thumb Code     8  stm32f4xx_rcc.o(.text)
    RCC_BackupResetCmd                       0x080011ff   Thumb Code     8  stm32f4xx_rcc.o(.text)
    RCC_I2SCLKConfig                         0x08001207   Thumb Code     6  stm32f4xx_rcc.o(.text)
    RCC_SAIBlockACLKConfig                   0x0800120d   Thumb Code    20  stm32f4xx_rcc.o(.text)
    RCC_SAIBlockBCLKConfig                   0x08001221   Thumb Code    20  stm32f4xx_rcc.o(.text)
    RCC_SAIPLLI2SClkDivConfig                0x08001235   Thumb Code    26  stm32f4xx_rcc.o(.text)
    RCC_SAIPLLSAIClkDivConfig                0x0800124f   Thumb Code    28  stm32f4xx_rcc.o(.text)
    RCC_LTDCCLKDivConfig                     0x0800126b   Thumb Code    20  stm32f4xx_rcc.o(.text)
    RCC_TIMCLKPresConfig                     0x0800127f   Thumb Code     6  stm32f4xx_rcc.o(.text)
    RCC_AHB1PeriphClockCmd                   0x08001285   Thumb Code    34  stm32f4xx_rcc.o(.text)
    RCC_AHB2PeriphClockCmd                   0x080012a7   Thumb Code    78  stm32f4xx_rcc.o(.text)
    RCC_AHB3PeriphClockCmd                   0x080012f5   Thumb Code    34  stm32f4xx_rcc.o(.text)
    RCC_APB1PeriphClockCmd                   0x08001317   Thumb Code    34  stm32f4xx_rcc.o(.text)
    RCC_APB2PeriphClockCmd                   0x08001339   Thumb Code    34  stm32f4xx_rcc.o(.text)
    RCC_AHB1PeriphResetCmd                   0x0800135b   Thumb Code    34  stm32f4xx_rcc.o(.text)
    RCC_AHB2PeriphResetCmd                   0x0800137d   Thumb Code    34  stm32f4xx_rcc.o(.text)
    RCC_AHB3PeriphResetCmd                   0x0800139f   Thumb Code    34  stm32f4xx_rcc.o(.text)
    RCC_APB1PeriphResetCmd                   0x080013c1   Thumb Code    34  stm32f4xx_rcc.o(.text)
    RCC_APB2PeriphResetCmd                   0x080013e3   Thumb Code    34  stm32f4xx_rcc.o(.text)
    RCC_AHB1PeriphClockLPModeCmd             0x08001405   Thumb Code    34  stm32f4xx_rcc.o(.text)
    RCC_AHB2PeriphClockLPModeCmd             0x08001427   Thumb Code    34  stm32f4xx_rcc.o(.text)
    RCC_AHB3PeriphClockLPModeCmd             0x08001449   Thumb Code    34  stm32f4xx_rcc.o(.text)
    RCC_APB1PeriphClockLPModeCmd             0x0800146b   Thumb Code    34  stm32f4xx_rcc.o(.text)
    RCC_APB2PeriphClockLPModeCmd             0x0800148d   Thumb Code    34  stm32f4xx_rcc.o(.text)
    RCC_LSEModeConfig                        0x080014af   Thumb Code    40  stm32f4xx_rcc.o(.text)
    RCC_ITConfig                             0x080014d7   Thumb Code    34  stm32f4xx_rcc.o(.text)
    RCC_ClearFlag                            0x080014f9   Thumb Code    18  stm32f4xx_rcc.o(.text)
    RCC_GetITStatus                          0x0800150b   Thumb Code    22  stm32f4xx_rcc.o(.text)
    RCC_ClearITPendingBit                    0x08001521   Thumb Code     8  stm32f4xx_rcc.o(.text)
    SPI_I2S_DeInit                           0x0800152d   Thumb Code   152  stm32f4xx_spi.o(.text)
    SPI_Init                                 0x080015c5   Thumb Code    60  stm32f4xx_spi.o(.text)
    I2S_Init                                 0x08001601   Thumb Code   396  stm32f4xx_spi.o(.text)
    SPI_StructInit                           0x0800178d   Thumb Code    24  stm32f4xx_spi.o(.text)
    I2S_StructInit                           0x080017a5   Thumb Code    20  stm32f4xx_spi.o(.text)
    SPI_Cmd                                  0x080017b9   Thumb Code    24  stm32f4xx_spi.o(.text)
    I2S_Cmd                                  0x080017d1   Thumb Code    24  stm32f4xx_spi.o(.text)
    SPI_DataSizeConfig                       0x080017e9   Thumb Code    18  stm32f4xx_spi.o(.text)
    SPI_BiDirectionalLineConfig              0x080017fb   Thumb Code    28  stm32f4xx_spi.o(.text)
    SPI_NSSInternalSoftwareConfig            0x08001817   Thumb Code    30  stm32f4xx_spi.o(.text)
    SPI_SSOutputCmd                          0x08001835   Thumb Code    24  stm32f4xx_spi.o(.text)
    SPI_TIModeCmd                            0x0800184d   Thumb Code    24  stm32f4xx_spi.o(.text)
    I2S_FullDuplexConfig                     0x08001865   Thumb Code    80  stm32f4xx_spi.o(.text)
    SPI_I2S_ReceiveData                      0x080018b5   Thumb Code     6  stm32f4xx_spi.o(.text)
    SPI_I2S_SendData                         0x080018bb   Thumb Code     4  stm32f4xx_spi.o(.text)
    SPI_CalculateCRC                         0x080018bf   Thumb Code    24  stm32f4xx_spi.o(.text)
    SPI_TransmitCRC                          0x080018d7   Thumb Code    10  stm32f4xx_spi.o(.text)
    SPI_GetCRC                               0x080018e1   Thumb Code    16  stm32f4xx_spi.o(.text)
    SPI_GetCRCPolynomial                     0x080018f1   Thumb Code     6  stm32f4xx_spi.o(.text)
    SPI_I2S_DMACmd                           0x080018f7   Thumb Code    18  stm32f4xx_spi.o(.text)
    SPI_I2S_ITConfig                         0x08001909   Thumb Code    68  stm32f4xx_spi.o(.text)
    SPI_I2S_GetFlagStatus                    0x0800194d   Thumb Code    18  stm32f4xx_spi.o(.text)
    SPI_I2S_ClearFlag                        0x0800195f   Thumb Code     6  stm32f4xx_spi.o(.text)
    SPI_I2S_GetITStatus                      0x08001965   Thumb Code    52  stm32f4xx_spi.o(.text)
    SPI_I2S_ClearITPendingBit                0x08001999   Thumb Code    20  stm32f4xx_spi.o(.text)
    TIM_DeInit                               0x080019ad   Thumb Code   346  stm32f4xx_tim.o(.text)
    TIM_TimeBaseInit                         0x08001b07   Thumb Code   104  stm32f4xx_tim.o(.text)
    TIM_TimeBaseStructInit                   0x08001b6f   Thumb Code    18  stm32f4xx_tim.o(.text)
    TIM_PrescalerConfig                      0x08001b81   Thumb Code     6  stm32f4xx_tim.o(.text)
    TIM_CounterModeConfig                    0x08001b87   Thumb Code    18  stm32f4xx_tim.o(.text)
    TIM_SetCounter                           0x08001b99   Thumb Code     4  stm32f4xx_tim.o(.text)
    TIM_SetAutoreload                        0x08001b9d   Thumb Code     4  stm32f4xx_tim.o(.text)
    TIM_GetCounter                           0x08001ba1   Thumb Code     6  stm32f4xx_tim.o(.text)
    TIM_GetPrescaler                         0x08001ba7   Thumb Code     6  stm32f4xx_tim.o(.text)
    TIM_UpdateDisableConfig                  0x08001bad   Thumb Code    24  stm32f4xx_tim.o(.text)
    TIM_UpdateRequestConfig                  0x08001bc5   Thumb Code    24  stm32f4xx_tim.o(.text)
    TIM_ARRPreloadConfig                     0x08001bdd   Thumb Code    24  stm32f4xx_tim.o(.text)
    TIM_SelectOnePulseMode                   0x08001bf5   Thumb Code    18  stm32f4xx_tim.o(.text)
    TIM_SetClockDivision                     0x08001c07   Thumb Code    18  stm32f4xx_tim.o(.text)
    TIM_Cmd                                  0x08001c19   Thumb Code    24  stm32f4xx_tim.o(.text)
    TIM_OC1Init                              0x08001c31   Thumb Code   114  stm32f4xx_tim.o(.text)
    TIM_OC2Init                              0x08001ca3   Thumb Code   154  stm32f4xx_tim.o(.text)
    TIM_OC3Init                              0x08001d3d   Thumb Code   204  stm32f4xx_tim.o(.text)
    TIM_OC4Init                              0x08001e09   Thumb Code   112  stm32f4xx_tim.o(.text)
    TIM_OCStructInit                         0x08001e79   Thumb Code    20  stm32f4xx_tim.o(.text)
    TIM_SelectOCxM                           0x08001e8d   Thumb Code    86  stm32f4xx_tim.o(.text)
    TIM_SetCompare1                          0x08001ee3   Thumb Code     4  stm32f4xx_tim.o(.text)
    TIM_SetCompare2                          0x08001ee7   Thumb Code     4  stm32f4xx_tim.o(.text)
    TIM_SetCompare3                          0x08001eeb   Thumb Code     4  stm32f4xx_tim.o(.text)
    TIM_SetCompare4                          0x08001eef   Thumb Code     4  stm32f4xx_tim.o(.text)
    TIM_ForcedOC1Config                      0x08001ef3   Thumb Code    18  stm32f4xx_tim.o(.text)
    TIM_ForcedOC2Config                      0x08001f05   Thumb Code    26  stm32f4xx_tim.o(.text)
    TIM_ForcedOC3Config                      0x08001f1f   Thumb Code    18  stm32f4xx_tim.o(.text)
    TIM_ForcedOC4Config                      0x08001f31   Thumb Code    26  stm32f4xx_tim.o(.text)
    TIM_OC1PreloadConfig                     0x08001f4b   Thumb Code    18  stm32f4xx_tim.o(.text)
    TIM_OC2PreloadConfig                     0x08001f5d   Thumb Code    26  stm32f4xx_tim.o(.text)
    TIM_OC3PreloadConfig                     0x08001f77   Thumb Code    18  stm32f4xx_tim.o(.text)
    TIM_OC4PreloadConfig                     0x08001f89   Thumb Code    26  stm32f4xx_tim.o(.text)
    TIM_OC1FastConfig                        0x08001fa3   Thumb Code    18  stm32f4xx_tim.o(.text)
    TIM_OC2FastConfig                        0x08001fb5   Thumb Code    26  stm32f4xx_tim.o(.text)
    TIM_OC3FastConfig                        0x08001fcf   Thumb Code    18  stm32f4xx_tim.o(.text)
    TIM_OC4FastConfig                        0x08001fe1   Thumb Code    26  stm32f4xx_tim.o(.text)
    TIM_ClearOC1Ref                          0x08001ffb   Thumb Code    18  stm32f4xx_tim.o(.text)
    TIM_ClearOC2Ref                          0x0800200d   Thumb Code    24  stm32f4xx_tim.o(.text)
    TIM_ClearOC3Ref                          0x08002025   Thumb Code    18  stm32f4xx_tim.o(.text)
    TIM_ClearOC4Ref                          0x08002037   Thumb Code    24  stm32f4xx_tim.o(.text)
    TIM_OC1PolarityConfig                    0x0800204f   Thumb Code    18  stm32f4xx_tim.o(.text)
    TIM_OC1NPolarityConfig                   0x08002061   Thumb Code    18  stm32f4xx_tim.o(.text)
    TIM_OC2PolarityConfig                    0x08002073   Thumb Code    26  stm32f4xx_tim.o(.text)
    TIM_OC2NPolarityConfig                   0x0800208d   Thumb Code    26  stm32f4xx_tim.o(.text)
    TIM_OC3PolarityConfig                    0x080020a7   Thumb Code    26  stm32f4xx_tim.o(.text)
    TIM_OC3NPolarityConfig                   0x080020c1   Thumb Code    26  stm32f4xx_tim.o(.text)
    TIM_OC4PolarityConfig                    0x080020db   Thumb Code    26  stm32f4xx_tim.o(.text)
    TIM_CCxCmd                               0x080020f5   Thumb Code    30  stm32f4xx_tim.o(.text)
    TIM_CCxNCmd                              0x08002113   Thumb Code    30  stm32f4xx_tim.o(.text)
    TIM_SetIC4Prescaler                      0x08002131   Thumb Code    26  stm32f4xx_tim.o(.text)
    TIM_SetIC3Prescaler                      0x0800219b   Thumb Code    18  stm32f4xx_tim.o(.text)
    TIM_SetIC2Prescaler                      0x080021f5   Thumb Code    26  stm32f4xx_tim.o(.text)
    TIM_SetIC1Prescaler                      0x08002269   Thumb Code    18  stm32f4xx_tim.o(.text)
    TIM_ICInit                               0x080022b5   Thumb Code   110  stm32f4xx_tim.o(.text)
    TIM_ICStructInit                         0x08002323   Thumb Code    18  stm32f4xx_tim.o(.text)
    TIM_PWMIConfig                           0x08002335   Thumb Code   124  stm32f4xx_tim.o(.text)
    TIM_GetCapture1                          0x080023b1   Thumb Code     6  stm32f4xx_tim.o(.text)
    TIM_GetCapture2                          0x080023b7   Thumb Code     6  stm32f4xx_tim.o(.text)
    TIM_GetCapture3                          0x080023bd   Thumb Code     6  stm32f4xx_tim.o(.text)
    TIM_GetCapture4                          0x080023c3   Thumb Code     6  stm32f4xx_tim.o(.text)
    TIM_BDTRConfig                           0x080023c9   Thumb Code    32  stm32f4xx_tim.o(.text)
    TIM_BDTRStructInit                       0x080023e9   Thumb Code    18  stm32f4xx_tim.o(.text)
    TIM_CtrlPWMOutputs                       0x080023fb   Thumb Code    30  stm32f4xx_tim.o(.text)
    TIM_SelectCOM                            0x08002419   Thumb Code    24  stm32f4xx_tim.o(.text)
    TIM_CCPreloadControl                     0x08002431   Thumb Code    24  stm32f4xx_tim.o(.text)
    TIM_ITConfig                             0x08002449   Thumb Code    18  stm32f4xx_tim.o(.text)
    TIM_GenerateEvent                        0x0800245b   Thumb Code     4  stm32f4xx_tim.o(.text)
    TIM_GetFlagStatus                        0x0800245f   Thumb Code    18  stm32f4xx_tim.o(.text)
    TIM_ClearFlag                            0x08002471   Thumb Code     6  stm32f4xx_tim.o(.text)
    TIM_GetITStatus                          0x08002477   Thumb Code    34  stm32f4xx_tim.o(.text)
    TIM_ClearITPendingBit                    0x08002499   Thumb Code     6  stm32f4xx_tim.o(.text)
    TIM_DMAConfig                            0x0800249f   Thumb Code    10  stm32f4xx_tim.o(.text)
    TIM_DMACmd                               0x080024a9   Thumb Code    18  stm32f4xx_tim.o(.text)
    TIM_SelectCCDMA                          0x080024bb   Thumb Code    24  stm32f4xx_tim.o(.text)
    TIM_InternalClockConfig                  0x080024d3   Thumb Code    12  stm32f4xx_tim.o(.text)
    TIM_SelectInputTrigger                   0x080024df   Thumb Code    18  stm32f4xx_tim.o(.text)
    TIM_ITRxExternalClockConfig              0x080024f1   Thumb Code    24  stm32f4xx_tim.o(.text)
    TIM_TIxExternalClockConfig               0x08002509   Thumb Code    62  stm32f4xx_tim.o(.text)
    TIM_ETRConfig                            0x08002547   Thumb Code    28  stm32f4xx_tim.o(.text)
    TIM_ETRClockMode1Config                  0x08002563   Thumb Code    54  stm32f4xx_tim.o(.text)
    TIM_ETRClockMode2Config                  0x08002599   Thumb Code    32  stm32f4xx_tim.o(.text)
    TIM_SelectOutputTrigger                  0x080025b9   Thumb Code    18  stm32f4xx_tim.o(.text)
    TIM_SelectSlaveMode                      0x080025cb   Thumb Code    18  stm32f4xx_tim.o(.text)
    TIM_SelectMasterSlaveMode                0x080025dd   Thumb Code    18  stm32f4xx_tim.o(.text)
    TIM_EncoderInterfaceConfig               0x080025ef   Thumb Code    66  stm32f4xx_tim.o(.text)
    TIM_SelectHallSensor                     0x08002631   Thumb Code    24  stm32f4xx_tim.o(.text)
    TIM_RemapConfig                          0x08002649   Thumb Code     6  stm32f4xx_tim.o(.text)
    USART_DeInit                             0x08002651   Thumb Code   206  stm32f4xx_usart.o(.text)
    USART_Init                               0x0800271f   Thumb Code   204  stm32f4xx_usart.o(.text)
    USART_StructInit                         0x080027eb   Thumb Code    24  stm32f4xx_usart.o(.text)
    USART_ClockInit                          0x08002803   Thumb Code    32  stm32f4xx_usart.o(.text)
    USART_ClockStructInit                    0x08002823   Thumb Code    12  stm32f4xx_usart.o(.text)
    USART_Cmd                                0x0800282f   Thumb Code    24  stm32f4xx_usart.o(.text)
    USART_SetPrescaler                       0x08002847   Thumb Code    16  stm32f4xx_usart.o(.text)
    USART_OverSampling8Cmd                   0x08002857   Thumb Code    22  stm32f4xx_usart.o(.text)
    USART_OneBitMethodCmd                    0x0800286d   Thumb Code    24  stm32f4xx_usart.o(.text)
    USART_SendData                           0x08002885   Thumb Code     8  stm32f4xx_usart.o(.text)
    USART_ReceiveData                        0x0800288d   Thumb Code    10  stm32f4xx_usart.o(.text)
    USART_SetAddress                         0x08002897   Thumb Code    18  stm32f4xx_usart.o(.text)
    USART_ReceiverWakeUpCmd                  0x080028a9   Thumb Code    24  stm32f4xx_usart.o(.text)
    USART_WakeUpConfig                       0x080028c1   Thumb Code    18  stm32f4xx_usart.o(.text)
    USART_LINBreakDetectLengthConfig         0x080028d3   Thumb Code    18  stm32f4xx_usart.o(.text)
    USART_LINCmd                             0x080028e5   Thumb Code    24  stm32f4xx_usart.o(.text)
    USART_SendBreak                          0x080028fd   Thumb Code    10  stm32f4xx_usart.o(.text)
    USART_HalfDuplexCmd                      0x08002907   Thumb Code    24  stm32f4xx_usart.o(.text)
    USART_SetGuardTime                       0x0800291f   Thumb Code    16  stm32f4xx_usart.o(.text)
    USART_SmartCardCmd                       0x0800292f   Thumb Code    24  stm32f4xx_usart.o(.text)
    USART_SmartCardNACKCmd                   0x08002947   Thumb Code    24  stm32f4xx_usart.o(.text)
    USART_IrDAConfig                         0x0800295f   Thumb Code    18  stm32f4xx_usart.o(.text)
    USART_IrDACmd                            0x08002971   Thumb Code    24  stm32f4xx_usart.o(.text)
    USART_DMACmd                             0x08002989   Thumb Code    18  stm32f4xx_usart.o(.text)
    USART_ITConfig                           0x0800299b   Thumb Code    74  stm32f4xx_usart.o(.text)
    USART_GetFlagStatus                      0x080029e5   Thumb Code    26  stm32f4xx_usart.o(.text)
    USART_ClearFlag                          0x080029ff   Thumb Code    18  stm32f4xx_usart.o(.text)
    USART_GetITStatus                        0x08002a11   Thumb Code   118  stm32f4xx_usart.o(.text)
    USART_ClearITPendingBit                  0x08002a87   Thumb Code    30  stm32f4xx_usart.o(.text)
    DMA_DeInit                               0x08002aa5   Thumb Code   324  stm32f4xx_dma.o(.text)
    DMA_Init                                 0x08002be9   Thumb Code    82  stm32f4xx_dma.o(.text)
    DMA_StructInit                           0x08002c3b   Thumb Code    34  stm32f4xx_dma.o(.text)
    DMA_Cmd                                  0x08002c5d   Thumb Code    22  stm32f4xx_dma.o(.text)
    DMA_PeriphIncOffsetSizeConfig            0x08002c73   Thumb Code    22  stm32f4xx_dma.o(.text)
    DMA_FlowControllerConfig                 0x08002c89   Thumb Code    22  stm32f4xx_dma.o(.text)
    DMA_SetCurrDataCounter                   0x08002c9f   Thumb Code     4  stm32f4xx_dma.o(.text)
    DMA_GetCurrDataCounter                   0x08002ca3   Thumb Code     8  stm32f4xx_dma.o(.text)
    DMA_DoubleBufferModeConfig               0x08002cab   Thumb Code    24  stm32f4xx_dma.o(.text)
    DMA_DoubleBufferModeCmd                  0x08002cc3   Thumb Code    22  stm32f4xx_dma.o(.text)
    DMA_MemoryTargetConfig                   0x08002cd9   Thumb Code    10  stm32f4xx_dma.o(.text)
    DMA_GetCurrentMemoryTarget               0x08002ce3   Thumb Code    20  stm32f4xx_dma.o(.text)
    DMA_GetCmdStatus                         0x08002cf7   Thumb Code    20  stm32f4xx_dma.o(.text)
    DMA_GetFIFOStatus                        0x08002d0b   Thumb Code    12  stm32f4xx_dma.o(.text)
    DMA_GetFlagStatus                        0x08002d17   Thumb Code    56  stm32f4xx_dma.o(.text)
    DMA_ClearFlag                            0x08002d4f   Thumb Code    40  stm32f4xx_dma.o(.text)
    DMA_ITConfig                             0x08002d77   Thumb Code    58  stm32f4xx_dma.o(.text)
    DMA_GetITStatus                          0x08002db1   Thumb Code    84  stm32f4xx_dma.o(.text)
    DMA_ClearITPendingBit                    0x08002e05   Thumb Code    40  stm32f4xx_dma.o(.text)
    vListInitialise                          0x08002e4d   Thumb Code    26  list.o(.text)
    vListInitialiseItem                      0x08002e67   Thumb Code     6  list.o(.text)
    vListInsertEnd                           0x08002e6d   Thumb Code    24  list.o(.text)
    vListInsert                              0x08002e85   Thumb Code    52  list.o(.text)
    uxListRemove                             0x08002eb9   Thumb Code    40  list.o(.text)
    xTaskGenericCreate                       0x08002fc5   Thumb Code   340  tasks.o(.text)
    vTaskDelete                              0x08003143   Thumb Code   186  tasks.o(.text)
    xTaskIncrementTick                       0x080031fd   Thumb Code   364  tasks.o(.text)
    xTaskResumeAll                           0x08003369   Thumb Code   224  tasks.o(.text)
    vTaskSuspendAll                          0x08003487   Thumb Code    12  tasks.o(.text)
    vTaskDelayUntil                          0x08003493   Thumb Code   230  tasks.o(.text)
    vTaskDelay                               0x08003579   Thumb Code   120  tasks.o(.text)
    uxTaskPriorityGet                        0x080035f1   Thumb Code    30  tasks.o(.text)
    uxTaskPriorityGetFromISR                 0x0800360f   Thumb Code    62  tasks.o(.text)
    vTaskPrioritySet                         0x0800364d   Thumb Code   306  tasks.o(.text)
    vTaskSwitchContext                       0x0800377f   Thumb Code   118  tasks.o(.text)
    vTaskSuspend                             0x080037f5   Thumb Code   198  tasks.o(.text)
    vTaskResume                              0x0800390b   Thumb Code   130  tasks.o(.text)
    xTaskResumeFromISR                       0x0800398d   Thumb Code   160  tasks.o(.text)
    vTaskStartScheduler                      0x08003ab5   Thumb Code   100  tasks.o(.text)
    vTaskEndScheduler                        0x08003b19   Thumb Code    32  tasks.o(.text)
    xTaskGetTickCount                        0x08003b39   Thumb Code     6  tasks.o(.text)
    xTaskGetTickCountFromISR                 0x08003b3f   Thumb Code    86  tasks.o(.text)
    uxTaskGetNumberOfTasks                   0x08003b95   Thumb Code     6  tasks.o(.text)
    uxTaskGetSystemState                     0x08003c5f   Thumb Code   132  tasks.o(.text)
    vTaskPlaceOnEventList                    0x08003ce3   Thumb Code   108  tasks.o(.text)
    vTaskPlaceOnUnorderedEventList           0x08003d4f   Thumb Code   160  tasks.o(.text)
    xTaskRemoveFromEventList                 0x08003def   Thumb Code   128  tasks.o(.text)
    xTaskRemoveFromUnorderedEventList        0x08003e6f   Thumb Code   154  tasks.o(.text)
    vTaskSetTimeOutState                     0x08003f09   Thumb Code    38  tasks.o(.text)
    xTaskCheckForTimeOut                     0x08003f2f   Thumb Code   186  tasks.o(.text)
    vTaskMissedYield                         0x08003fe9   Thumb Code     8  tasks.o(.text)
    uxTaskGetTaskNumber                      0x08003ff1   Thumb Code    14  tasks.o(.text)
    vTaskSetTaskNumber                       0x08003fff   Thumb Code     8  tasks.o(.text)
    uxTaskResetEventItemValue                0x08004007   Thumb Code    24  tasks.o(.text)
    ulTaskNotifyTake                         0x0800401f   Thumb Code   174  tasks.o(.text)
    xTaskNotifyWait                          0x080040cd   Thumb Code   208  tasks.o(.text)
    xTaskGenericNotify                       0x0800419d   Thumb Code   242  tasks.o(.text)
    xTaskGenericNotifyFromISR                0x0800428f   Thumb Code   334  tasks.o(.text)
    vTaskNotifyGiveFromISR                   0x080043dd   Thumb Code   208  tasks.o(.text)
    xTaskNotifyStateClear                    0x080044ad   Thumb Code    50  tasks.o(.text)
    pxPortInitialiseStack                    0x08004531   Thumb Code    34  port.o(.text)
    vPortSetupTimerInterrupt                 0x08004553   Thumb Code    14  port.o(.text)
    xPortStartScheduler                      0x08004561   Thumb Code   288  port.o(.text)
    vPortEndScheduler                        0x08004681   Thumb Code    42  port.o(.text)
    vPortEnterCritical                       0x080046ab   Thumb Code    78  port.o(.text)
    vPortExitCritical                        0x080046f9   Thumb Code    56  port.o(.text)
    SysTick_Handler                          0x08004731   Thumb Code    50  port.o(.text)
    vPortValidateInterruptPriority           0x08004763   Thumb Code   108  port.o(.text)
    pvPortMalloc                             0x080048b7   Thumb Code   296  heap_4.o(.text)
    vPortFree                                0x080049df   Thumb Code   140  heap_4.o(.text)
    xPortGetFreeHeapSize                     0x08004a6b   Thumb Code     6  heap_4.o(.text)
    xPortGetMinimumEverFreeHeapSize          0x08004a71   Thumb Code     6  heap_4.o(.text)
    vPortInitialiseBlocks                    0x08004a77   Thumb Code     2  heap_4.o(.text)
    main                                     0x08004ae3   Thumb Code    34  main.o(.text)
    NMI_Handler                              0x08004b39   Thumb Code    10  stm32f4xx_it.o(.text)
    HardFault_Handler                        0x08004b43   Thumb Code    14  stm32f4xx_it.o(.text)
    MemManage_Handler                        0x08004b51   Thumb Code    14  stm32f4xx_it.o(.text)
    BusFault_Handler                         0x08004b5f   Thumb Code    14  stm32f4xx_it.o(.text)
    UsageFault_Handler                       0x08004b6d   Thumb Code    14  stm32f4xx_it.o(.text)
    DebugMon_Handler                         0x08004b7b   Thumb Code    10  stm32f4xx_it.o(.text)
    osTaskDog                                0x08004bc5   Thumb Code   332  task_wdg.o(.text)
    osTaskWeb                                0x08004d51   Thumb Code    30  task_web.o(.text)
    osTaskMqt                                0x08004d75   Thumb Code   818  task_mqtt.o(.text)
    handleTopics                             0x080050a7   Thumb Code    40  task_mqtt.o(.text)
    boardInit                                0x080052b9   Thumb Code    54  board.o(.text)
    getCpuId                                 0x080052f5   Thumb Code    44  flash.o(.text)
    getMqttID                                0x08005321   Thumb Code    36  flash.o(.text)
    getDevMac                                0x08005345   Thumb Code    92  flash.o(.text)
    systemReboot                             0x080053a1   Thumb Code    40  flash.o(.text)
    getFlashSize                             0x080053c9   Thumb Code    34  flash.o(.text)
    flashReadHalfWord                        0x080053eb   Thumb Code     6  flash.o(.text)
    flashReadWord                            0x080053f1   Thumb Code     6  flash.o(.text)
    flashReadWords                           0x080053f7   Thumb Code    32  flash.o(.text)
    flashGetSector                           0x08005417   Thumb Code   130  flash.o(.text)
    flashEraseSector                         0x08005499   Thumb Code    44  flash.o(.text)
    flashWriteWords                          0x080054c5   Thumb Code    70  flash.o(.text)
    flashInit                                0x0800550b   Thumb Code    14  flash.o(.text)
    flashTest                                0x08005519   Thumb Code    34  flash.o(.text)
    pvdInit                                  0x0800553b   Thumb Code    38  flash.o(.text)
    fifoPushBuf                              0x08005629   Thumb Code   114  fifo.o(.text)
    fifoFlushBuf                             0x0800569b   Thumb Code    22  fifo.o(.text)
    fifoPopBuf                               0x080056b1   Thumb Code   114  fifo.o(.text)
    fifoGetBufDataCount                      0x08005723   Thumb Code    88  fifo.o(.text)
    fifoLookBuf                              0x0800577b   Thumb Code    24  fifo.o(.text)
    fifoRxPushBuf                            0x080057a5   Thumb Code   114  fiforx.o(.text)
    fifoRxFlushBuf                           0x08005817   Thumb Code    22  fiforx.o(.text)
    fifoRxPopBuf                             0x0800582d   Thumb Code   114  fiforx.o(.text)
    fifoRxGetBufDataCount                    0x0800589f   Thumb Code    88  fiforx.o(.text)
    fifoRxLookBuf                            0x080058f7   Thumb Code    24  fiforx.o(.text)
    ledFlashSet                              0x08005921   Thumb Code    60  led_driver.o(.text)
    ledFlashInit                             0x0800595d   Thumb Code    16  led_driver.o(.text)
    ledInit                                  0x0800596d   Thumb Code    66  led_driver.o(.text)
    ledOn                                    0x080059af   Thumb Code    22  led_driver.o(.text)
    ledOff                                   0x080059c5   Thumb Code    22  led_driver.o(.text)
    ledFlashLoop                             0x080059db   Thumb Code   230  led_driver.o(.text)
    ledFlashLoopAll                          0x08005ac1   Thumb Code    10  led_driver.o(.text)
    iosInit                                  0x08005b11   Thumb Code   148  inout_driver.o(.text)
    resetkeyInit                             0x08005ba5   Thumb Code    48  inout_driver.o(.text)
    resetkeyPressDown                        0x08005bd5   Thumb Code    20  inout_driver.o(.text)
    i2cStop                                  0x08005c33   Thumb Code    32  i2c_driver.o(.text)
    i2cInit                                  0x08005c53   Thumb Code    50  i2c_driver.o(.text)
    I2C_CRIS_ENTER                           0x08005c85   Thumb Code     2  i2c_driver.o(.text)
    I2C_CRIS_EXIT                            0x08005c87   Thumb Code     2  i2c_driver.o(.text)
    i2cStart                                 0x08005ccb   Thumb Code    48  i2c_driver.o(.text)
    i2cWaitAck                               0x08005cfb   Thumb Code    58  i2c_driver.o(.text)
    i2cAck                                   0x08005d35   Thumb Code    48  i2c_driver.o(.text)
    i2cNAck                                  0x08005d65   Thumb Code    40  i2c_driver.o(.text)
    i2cSendByte                              0x08005d8d   Thumb Code    94  i2c_driver.o(.text)
    i2cReadByte                              0x08005deb   Thumb Code    70  i2c_driver.o(.text)
    spi2Init                                 0x08005e35   Thumb Code   162  spi2_driver.o(.text)
    spi2ReadWriteByte                        0x08005ed7   Thumb Code    78  spi2_driver.o(.text)
    i2cCheckDevice                           0x08005f51   Thumb Code    32  at24cx_driver.o(.text)
    i2cEepromInit                            0x08005f71   Thumb Code    24  at24cx_driver.o(.text)
    eepromReadBytes                          0x08005f89   Thumb Code   126  at24cx_driver.o(.text)
    eepromWriteBytes                         0x08006007   Thumb Code   170  at24cx_driver.o(.text)
    eepromAT24CXCheck                        0x080060b1   Thumb Code    74  at24cx_driver.o(.text)
    write_lnet_info_to_eeprom                0x080060fb   Thumb Code    50  at24cx_driver.o(.text)
    read_lnet_info_from_eeprom               0x0800612d   Thumb Code    18  at24cx_driver.o(.text)
    write_mlgi_info_to_eeprom                0x0800613f   Thumb Code    48  at24cx_driver.o(.text)
    read_mlgi_info_from_eeprom               0x0800616f   Thumb Code    18  at24cx_driver.o(.text)
    write_mqtt_info_to_eeprom                0x08006181   Thumb Code    50  at24cx_driver.o(.text)
    read_mqtt_info_from_eeprom               0x080061b3   Thumb Code    18  at24cx_driver.o(.text)
    write_lgi_info_to_eeprom                 0x080061c5   Thumb Code    52  at24cx_driver.o(.text)
    read_lgi_info_from_eeprom                0x080061f9   Thumb Code    18  at24cx_driver.o(.text)
    eepromGetSysParameter                    0x0800620b   Thumb Code  1112  at24cx_driver.o(.text)
    clear_data_from_eeprom                   0x08006663   Thumb Code   116  at24cx_driver.o(.text)
    usart1Init                               0x080067e5   Thumb Code   422  usart1_driver.o(.text)
    usart1Stop                               0x0800699f   Thumb Code    10  usart1_driver.o(.text)
    usart1SendChar                           0x080069a9   Thumb Code    28  usart1_driver.o(.text)
    usart1SendBuffer                         0x080069c5   Thumb Code    42  usart1_driver.o(.text)
    usart1SendString                         0x080069ef   Thumb Code    38  usart1_driver.o(.text)
    usart1DmaSendBuffer                      0x08006a15   Thumb Code     2  usart1_driver.o(.text)
    USART1_IRQHandler                        0x08006a17   Thumb Code   122  usart1_driver.o(.text)
    usart4Init                               0x08006ab1   Thumb Code   150  usart4_driver.o(.text)
    usart4Stop                               0x08006b47   Thumb Code    10  usart4_driver.o(.text)
    usart4SendChar                           0x08006b51   Thumb Code    28  usart4_driver.o(.text)
    usart4SendBuffer                         0x08006b6d   Thumb Code    28  usart4_driver.o(.text)
    fputc                                    0x08006b89   Thumb Code    32  usart4_driver.o(.text)
    timer2Init                               0x08006bb1   Thumb Code   118  timer2_driver.o(.text)
    TIM2_IRQHandler                          0x08006c27   Thumb Code    48  timer2_driver.o(.text)
    timer3Init                               0x08006c5d   Thumb Code   112  timer3_driver.o(.text)
    timer5Init                               0x08006cfd   Thumb Code   120  timer5_driver.o(.text)
    TIM5_IRQHandler                          0x08006d75   Thumb Code    22  timer5_driver.o(.text)
    wdgInit                                  0x08006dbd   Thumb Code    46  wdg_driver.o(.text)
    wdgFeed                                  0x08006deb   Thumb Code     8  wdg_driver.o(.text)
    crc16                                    0x08006df5   Thumb Code    40  crc16.o(.text)
    crc32                                    0x08006e1d   Thumb Code    40  crc16.o(.text)
    xorCheck                                 0x08006e45   Thumb Code    26  crc16.o(.text)
    w5500Delay                               0x08006e69   Thumb Code    14  w5500_conf.o(.text)
    w5500GpioConfig                          0x08006e77   Thumb Code   134  w5500_conf.o(.text)
    w5500SetMAC                              0x08006efd   Thumb Code    54  w5500_conf.o(.text)
    w5500SetIP                               0x08006f33   Thumb Code   218  w5500_conf.o(.text)
    w5500Reset                               0x0800700d   Thumb Code    36  w5500_conf.o(.text)
    w5500Init                                0x08007031   Thumb Code    34  w5500_conf.o(.text)
    w5500Reboot                              0x08007053   Thumb Code    32  w5500_conf.o(.text)
    IINCHIP_CRIS_ENTER                       0x08007073   Thumb Code     2  w5500_conf.o(.text)
    IINCHIP_CRIS_EXIT                        0x08007075   Thumb Code     2  w5500_conf.o(.text)
    IINCHIP_SpiSendData                      0x08007077   Thumb Code    26  w5500_conf.o(.text)
    IINCHIP_WRITE                            0x08007091   Thumb Code    62  w5500_conf.o(.text)
    IINCHIP_READ                             0x080070cf   Thumb Code    62  w5500_conf.o(.text)
    wiz_write_buf                            0x0800710d   Thumb Code    92  w5500_conf.o(.text)
    wiz_read_buf                             0x08007169   Thumb Code    90  w5500_conf.o(.text)
    ntpTimerInit                             0x080071c3   Thumb Code     8  w5500_conf.o(.text)
    w5500CheckLink                           0x080071cb   Thumb Code    24  w5500_conf.o(.text)
    close                                    0x08007371   Thumb Code    68  socket.o(.text)
    socket                                   0x080073b5   Thumb Code   216  socket.o(.text)
    listen                                   0x0800748d   Thumb Code    80  socket.o(.text)
    connect                                  0x080074dd   Thumb Code   286  socket.o(.text)
    disconnect                               0x080075fb   Thumb Code    54  socket.o(.text)
    send                                     0x08007631   Thumb Code   246  socket.o(.text)
    recv                                     0x08007727   Thumb Code    84  socket.o(.text)
    sendto                                   0x0800777b   Thumb Code   324  socket.o(.text)
    recvfrom                                 0x080078bf   Thumb Code   506  socket.o(.text)
    setMR                                    0x08007ad5   Thumb Code    14  w5500.o(.text)
    iinchip_init                             0x08007ae3   Thumb Code    10  w5500.o(.text)
    getIINCHIP_RxMAX                         0x08007aed   Thumb Code    10  w5500.o(.text)
    getIINCHIP_TxMAX                         0x08007af7   Thumb Code    10  w5500.o(.text)
    setGAR                                   0x08007b01   Thumb Code    16  w5500.o(.text)
    getGAR                                   0x08007b11   Thumb Code    16  w5500.o(.text)
    setSUBR                                  0x08007b21   Thumb Code    18  w5500.o(.text)
    setSHAR                                  0x08007b33   Thumb Code    18  w5500.o(.text)
    setSIPR                                  0x08007b45   Thumb Code    18  w5500.o(.text)
    getSUBR                                  0x08007b57   Thumb Code    18  w5500.o(.text)
    getSHAR                                  0x08007b69   Thumb Code    18  w5500.o(.text)
    getSIPR                                  0x08007b7b   Thumb Code    18  w5500.o(.text)
    getIR                                    0x08007b8d   Thumb Code    12  w5500.o(.text)
    setRTR                                   0x08007b99   Thumb Code    26  w5500.o(.text)
    setRCR                                   0x08007bb3   Thumb Code    16  w5500.o(.text)
    clearIR                                  0x08007bc3   Thumb Code    26  w5500.o(.text)
    setSn_MSS                                0x08007bdd   Thumb Code    36  w5500.o(.text)
    setSn_KPALVTR                            0x08007c01   Thumb Code    22  w5500.o(.text)
    setSn_TTL                                0x08007c17   Thumb Code    22  w5500.o(.text)
    getSn_IR                                 0x08007c2d   Thumb Code    18  w5500.o(.text)
    setSn_IR                                 0x08007c3f   Thumb Code    22  w5500.o(.text)
    getSn_SR                                 0x08007c55   Thumb Code    18  w5500.o(.text)
    getSn_TX_FSR                             0x08007c67   Thumb Code    84  w5500.o(.text)
    getSn_RX_RSR                             0x08007cbb   Thumb Code    84  w5500.o(.text)
    send_data_processing                     0x08007d0f   Thumb Code   116  w5500.o(.text)
    recv_data_processing                     0x08007d83   Thumb Code   116  w5500.o(.text)
    socket_buf_init                          0x08007df7   Thumb Code   136  w5500.o(.text)
    sysinit                                  0x08007e7f   Thumb Code   374  w5500.o(.text)
    dwtInit                                  0x08007ffd   Thumb Code    30  utility.o(.text)
    delay_us                                 0x0800801b   Thumb Code    36  utility.o(.text)
    delay_ms                                 0x0800803f   Thumb Code    18  utility.o(.text)
    systick_init                             0x08008051   Thumb Code    44  utility.o(.text)
    c2d                                      0x0800807d   Thumb Code    54  utility.o(.text)
    atoi16                                   0x080080b3   Thumb Code    32  utility.o(.text)
    atoi32                                   0x080080d3   Thumb Code    32  utility.o(.text)
    itoa                                     0x080080f3   Thumb Code    64  utility.o(.text)
    validatoi                                0x08008133   Thumb Code    72  utility.o(.text)
    replacetochar                            0x0800817b   Thumb Code    26  utility.o(.text)
    swaps                                    0x08008195   Thumb Code    14  utility.o(.text)
    swapl                                    0x080081a3   Thumb Code    28  utility.o(.text)
    mid                                      0x080081bf   Thumb Code    72  utility.o(.text)
    inet_addr_                               0x08008207   Thumb Code   198  utility.o(.text)
    inet_ntoa                                0x080082cd   Thumb Code    40  utility.o(.text)
    inet_ntoa_pad                            0x080082f5   Thumb Code    40  utility.o(.text)
    verify_ip_address                        0x0800831d   Thumb Code   116  utility.o(.text)
    htons                                    0x08008391   Thumb Code    12  utility.o(.text)
    htonl                                    0x0800839d   Thumb Code    12  utility.o(.text)
    ntohs                                    0x080083a9   Thumb Code    12  utility.o(.text)
    ntohl                                    0x080083b5   Thumb Code    12  utility.o(.text)
    checksum                                 0x080083c1   Thumb Code   146  utility.o(.text)
    convertHexToStr                          0x08008453   Thumb Code   100  utility.o(.text)
    runDHCPClient                            0x080091d3   Thumb Code    92  dhcp.o(.text)
    isEnableDHCP                             0x0800922f   Thumb Code     4  dhcp.o(.text)
    TIM3_IRQHandler                          0x08009233   Thumb Code    42  dhcp.o(.text)
    unescape_http_url                        0x0800928d   Thumb Code    62  web_server.o(.text)
    make_http_response_head                  0x080092cb   Thumb Code   108  web_server.o(.text)
    find_http_uri_type                       0x08009337   Thumb Code   258  web_server.o(.text)
    parse_http_request                       0x08009439   Thumb Code   156  web_server.o(.text)
    get_http_param_value                     0x080094d5   Thumb Code   182  web_server.o(.text)
    make_cgi_response                        0x0800979d   Thumb Code    34  webutil.o(.text)
    http_cgi_response                        0x080097bf   Thumb Code    68  webutil.o(.text)
    http_cgi_response_to_index               0x08009803   Thumb Code    56  webutil.o(.text)
    loginCheck                               0x0800a25d   Thumb Code   286  webutil.o(.text)
    proc_http                                0x0800a48d   Thumb Code   912  webutil.o(.text)
    runWebServer                             0x0800a81d   Thumb Code   180  webutil.o(.text)
    dns_makequery                            0x0800a981   Thumb Code   194  dns.o(.text)
    parse_name                               0x0800aa43   Thumb Code   170  dns.o(.text)
    dns_question                             0x0800aaed   Thumb Code    38  dns.o(.text)
    dns_answer                               0x0800ab13   Thumb Code   252  dns.o(.text)
    parse_msg                                0x0800ac0f   Thumb Code   236  dns.o(.text)
    dns_query                                0x0800acfb   Thumb Code   250  dns.o(.text)
    runDNS                                   0x0800adf5   Thumb Code   124  dns.o(.text)
    transport_open                           0x0800af31   Thumb Code   126  mqtthelper.o(.text)
    transport_close                          0x0800afaf   Thumb Code    30  mqtthelper.o(.text)
    mqtt_disconnect                          0x0800afcd   Thumb Code    30  mqtthelper.o(.text)
    mqtt_connect                             0x0800afeb   Thumb Code   238  mqtthelper.o(.text)
    mqtt_publish_buffer                      0x0800b0d9   Thumb Code   104  mqtthelper.o(.text)
    mqtt_subscrib                            0x0800b141   Thumb Code   234  mqtthelper.o(.text)
    mqtt_get_message                         0x0800b22b   Thumb Code   384  mqtthelper.o(.text)
    mqtt_pingreq                             0x0800b3ab   Thumb Code    26  mqtthelper.o(.text)
    MQTTSerialize_connectLength              0x0800b409   Thumb Code   118  mqttconnectclient.o(.text)
    MQTTSerialize_connect                    0x0800b47f   Thumb Code   342  mqttconnectclient.o(.text)
    MQTTDeserialize_connack                  0x0800b5d5   Thumb Code   118  mqttconnectclient.o(.text)
    MQTTSerialize_zero                       0x0800b64b   Thumb Code    76  mqttconnectclient.o(.text)
    MQTTSerialize_disconnect                 0x0800b697   Thumb Code    18  mqttconnectclient.o(.text)
    MQTTSerialize_pingreq                    0x0800b6a9   Thumb Code    18  mqttconnectclient.o(.text)
    MQTTPacket_encode                        0x0800b6cd   Thumb Code    54  mqttpacket.o(.text)
    MQTTPacket_decode                        0x0800b703   Thumb Code    88  mqttpacket.o(.text)
    MQTTPacket_len                           0x0800b75b   Thumb Code    34  mqttpacket.o(.text)
    bufchar                                  0x0800b77d   Thumb Code    36  mqttpacket.o(.text)
    MQTTPacket_decodeBuf                     0x0800b7a1   Thumb Code    22  mqttpacket.o(.text)
    readInt                                  0x0800b7b7   Thumb Code    26  mqttpacket.o(.text)
    readChar                                 0x0800b7d1   Thumb Code    14  mqttpacket.o(.text)
    writeChar                                0x0800b7df   Thumb Code    12  mqttpacket.o(.text)
    writeInt                                 0x0800b7eb   Thumb Code    48  mqttpacket.o(.text)
    writeCString                             0x0800b81b   Thumb Code    40  mqttpacket.o(.text)
    getLenStringLen                          0x0800b843   Thumb Code    18  mqttpacket.o(.text)
    writeMQTTString                          0x0800b855   Thumb Code    62  mqttpacket.o(.text)
    readMQTTLenString                        0x0800b893   Thumb Code    58  mqttpacket.o(.text)
    MQTTstrlen                               0x0800b8cd   Thumb Code    24  mqttpacket.o(.text)
    MQTTPacket_equals                        0x0800b8e5   Thumb Code    66  mqttpacket.o(.text)
    MQTTPacket_read                          0x0800b927   Thumb Code   102  mqttpacket.o(.text)
    MQTTPacket_readnb                        0x0800b9f5   Thumb Code   204  mqttpacket.o(.text)
    MQTTSerialize_publishLength              0x0800bac9   Thumb Code    34  mqttserializepublish.o(.text)
    MQTTSerialize_publish                    0x0800baeb   Thumb Code   176  mqttserializepublish.o(.text)
    MQTTSerialize_ack                        0x0800bb9b   Thumb Code   114  mqttserializepublish.o(.text)
    MQTTSerialize_puback                     0x0800bc0d   Thumb Code    24  mqttserializepublish.o(.text)
    MQTTSerialize_pubrel                     0x0800bc25   Thumb Code    26  mqttserializepublish.o(.text)
    MQTTSerialize_pubcomp                    0x0800bc3f   Thumb Code    24  mqttserializepublish.o(.text)
    MQTTSerialize_subscribeLength            0x0800bc57   Thumb Code    46  mqttsubscribeclient.o(.text)
    MQTTSerialize_subscribe                  0x0800bc85   Thumb Code   176  mqttsubscribeclient.o(.text)
    MQTTDeserialize_suback                   0x0800bd35   Thumb Code   146  mqttsubscribeclient.o(.text)
    msg_serial_parser                        0x0800bdc9   Thumb Code   252  message.o(.text)
    handle_msg_serial_set_pmu                0x0800bec5   Thumb Code    54  message.o(.text)
    handle_msg_serial_set_sen                0x0800befb   Thumb Code    56  message.o(.text)
    handle_msg_serial_set_chz                0x0800bf33   Thumb Code    56  message.o(.text)
    handle_msg_serial_set_login              0x0800bf6b   Thumb Code    56  message.o(.text)
    handle_msg_serial_set_iap                0x0800bfa3   Thumb Code    56  message.o(.text)
    handle_msg_serial_set_lnet               0x0800bfdb   Thumb Code    56  message.o(.text)
    handle_msg_serial_set_mqtt               0x0800c013   Thumb Code    56  message.o(.text)
    handle_msg_serial_set_operate            0x0800c04b   Thumb Code    54  message.o(.text)
    handle_msg_serial_io_ctrl                0x0800c081   Thumb Code    54  message.o(.text)
    handle_msg_serial_reboot                 0x0800c0b7   Thumb Code    54  message.o(.text)
    handle_msg_serial_set_time               0x0800c0ed   Thumb Code    44  message.o(.text)
    handleSerialMessage                      0x0800c119   Thumb Code   120  message.o(.text)
    handle_msg_serial_set_gprs               0x0800c191   Thumb Code   140  message.o(.text)
    __aeabi_memcpy                           0x0800c21d   Thumb Code    36  memcpya.o(.text)
    __aeabi_memcpy4                          0x0800c21d   Thumb Code     0  memcpya.o(.text)
    __aeabi_memcpy8                          0x0800c21d   Thumb Code     0  memcpya.o(.text)
    __aeabi_memset                           0x0800c241   Thumb Code    14  memseta.o(.text)
    __aeabi_memset4                          0x0800c241   Thumb Code     0  memseta.o(.text)
    __aeabi_memset8                          0x0800c241   Thumb Code     0  memseta.o(.text)
    __aeabi_memclr                           0x0800c24f   Thumb Code     4  memseta.o(.text)
    __aeabi_memclr4                          0x0800c24f   Thumb Code     0  memseta.o(.text)
    __aeabi_memclr8                          0x0800c24f   Thumb Code     0  memseta.o(.text)
    _memset$wrapper                          0x0800c253   Thumb Code    18  memseta.o(.text)
    strcat                                   0x0800c265   Thumb Code    24  strcat.o(.text)
    strstr                                   0x0800c27d   Thumb Code    36  strstr.o(.text)
    strncpy                                  0x0800c2a1   Thumb Code    24  strncpy.o(.text)
    strchr                                   0x0800c2b9   Thumb Code    20  strchr.o(.text)
    strlen                                   0x0800c2cd   Thumb Code    14  strlen.o(.text)
    strcmp                                   0x0800c2db   Thumb Code    28  strcmp.o(.text)
    memcmp                                   0x0800c2f7   Thumb Code    26  memcmp.o(.text)
    strcpy                                   0x0800c311   Thumb Code    18  strcpy.o(.text)
    strncmp                                  0x0800c323   Thumb Code    30  strncmp.o(.text)
    strtok                                   0x0800c341   Thumb Code    62  strtok.o(.text)
    atoi                                     0x0800c385   Thumb Code    26  atoi.o(.text)
    __aeabi_dadd                             0x0800c39f   Thumb Code   322  dadd.o(.text)
    __aeabi_dsub                             0x0800c4e1   Thumb Code     6  dadd.o(.text)
    __aeabi_drsub                            0x0800c4e7   Thumb Code     6  dadd.o(.text)
    __aeabi_ddiv                             0x0800c4ed   Thumb Code   222  ddiv.o(.text)
    __aeabi_uidiv                            0x0800c5cb   Thumb Code     0  uidiv.o(.text)
    __aeabi_uidivmod                         0x0800c5cb   Thumb Code    44  uidiv.o(.text)
    __aeabi_uldivmod                         0x0800c5f7   Thumb Code    98  uldiv.o(.text)
    __aeabi_llsl                             0x0800c659   Thumb Code    30  llshl.o(.text)
    _ll_shift_l                              0x0800c659   Thumb Code     0  llshl.o(.text)
    __aeabi_llsr                             0x0800c677   Thumb Code    32  llushr.o(.text)
    _ll_ushift_r                             0x0800c677   Thumb Code     0  llushr.o(.text)
    __aeabi_lasr                             0x0800c697   Thumb Code    36  llsshr.o(.text)
    _ll_sshift_r                             0x0800c697   Thumb Code     0  llsshr.o(.text)
    strtol                                   0x0800c6bb   Thumb Code   112  strtol.o(.text)
    __I$use$fp                               0x0800c72b   Thumb Code     0  iusefp.o(.text)
    _double_round                            0x0800c72b   Thumb Code    30  depilogue.o(.text)
    _double_epilogue                         0x0800c749   Thumb Code   156  depilogue.o(.text)
    __aeabi_dmul                             0x0800c7e5   Thumb Code   228  dmul.o(.text)
    __aeabi_d2ulz                            0x0800c8c9   Thumb Code    48  dfixul.o(.text)
    __aeabi_cdrcmple                         0x0800c8f9   Thumb Code    48  cdrcmple.o(.text)
    __scatterload                            0x0800c929   Thumb Code    28  init.o(.text)
    __scatterload_rt2                        0x0800c929   Thumb Code     0  init.o(.text)
    __rt_ctype_table                         0x0800c94d   Thumb Code     4  ctype_o.o(.text)
    _strtoul                                 0x0800c955   Thumb Code   158  _strtoul.o(.text)
    _chval                                   0x0800c9f3   Thumb Code    28  _chval.o(.text)
    __decompress                             0x0800ca0f   Thumb Code     0  __dczerorl2.o(.text)
    __decompress1                            0x0800ca0f   Thumb Code    86  __dczerorl2.o(.text)
    __0printf                                0x0800ca65   Thumb Code    22  printfa.o(i.__0printf)
    __1printf                                0x0800ca65   Thumb Code     0  printfa.o(i.__0printf)
    __2printf                                0x0800ca65   Thumb Code     0  printfa.o(i.__0printf)
    __c89printf                              0x0800ca65   Thumb Code     0  printfa.o(i.__0printf)
    printf                                   0x0800ca65   Thumb Code     0  printfa.o(i.__0printf)
    __0sprintf                               0x0800ca85   Thumb Code    34  printfa.o(i.__0sprintf)
    __1sprintf                               0x0800ca85   Thumb Code     0  printfa.o(i.__0sprintf)
    __2sprintf                               0x0800ca85   Thumb Code     0  printfa.o(i.__0sprintf)
    __c89sprintf                             0x0800ca85   Thumb Code     0  printfa.o(i.__0sprintf)
    sprintf                                  0x0800ca85   Thumb Code     0  printfa.o(i.__0sprintf)
    __aeabi_errno_addr                       0x0800caad   Thumb Code     4  errno.o(i.__aeabi_errno_addr)
    __rt_errno_addr                          0x0800caad   Thumb Code     0  errno.o(i.__aeabi_errno_addr)
    __scatterload_copy                       0x0800cab5   Thumb Code    14  handlers.o(i.__scatterload_copy)
    __scatterload_null                       0x0800cac3   Thumb Code     2  handlers.o(i.__scatterload_null)
    __scatterload_zeroinit                   0x0800cac5   Thumb Code    14  handlers.o(i.__scatterload_zeroinit)
    EE_DEFAULT_MQTT_URL                      0x0800d390   Data          50  at24cx_driver.o(.constdata)
    EE_DEFAULT_MQTT_IP                       0x0800d3c2   Data           4  at24cx_driver.o(.constdata)
    EE_DEFAULT_MQTT_PORT                     0x0800d3c6   Data           2  at24cx_driver.o(.constdata)
    EE_DEFAULT_MQTT_BAUD                     0x0800d3c8   Data           4  at24cx_driver.o(.constdata)
    EE_DEFAULT_LNET_IP                       0x0800d3cc   Data           4  at24cx_driver.o(.constdata)
    EE_DEFAULT_LNET_SUB                      0x0800d3d0   Data           4  at24cx_driver.o(.constdata)
    EE_DEFAULT_LNET_GAY                      0x0800d3d4   Data           4  at24cx_driver.o(.constdata)
    EE_DEFAULT_LNET_DNS                      0x0800d3d8   Data           4  at24cx_driver.o(.constdata)
    EE_DEFAULT_LNET_PORT                     0x0800d3dc   Data           2  at24cx_driver.o(.constdata)
    __ctype_table                            0x0800dab0   Data         129  ctype_o.o(.constdata)
    Region$$Table$$Base                      0x0801131c   Number         0  anon$$obj.o(Region$$Table)
    Region$$Table$$Limit                     0x0801133c   Number         0  anon$$obj.o(Region$$Table)
    SystemCoreClock                          0x20000000   Data           4  system_stm32f4xx.o(.data)
    AHBPrescTable                            0x20000004   Data          16  system_stm32f4xx.o(.data)
    pxCurrentTCB                             0x20000024   Data           4  tasks.o(.data)
    gFw5500LinkState                         0x20000080   Data           1  main.o(.data)
    run_state                                0x20000090   Data           1  task_mqtt.o(.data)
    myMac                                    0x200000f4   Data           6  w5500_conf.o(.data)
    ntptimer                                 0x200000fc   Data           4  w5500_conf.o(.data)
    SSIZE                                    0x20000102   Data          16  w5500.o(.data)
    RSIZE                                    0x20000112   Data          16  w5500.o(.data)
    txsize                                   0x20000122   Data           8  w5500.o(.data)
    rxsize                                   0x2000012a   Data           8  w5500.o(.data)
    gFlagDHCPState                           0x20000138   Data           1  dhcp.o(.data)
    SRC_MAC_ADDR                             0x2000013c   Data           4  dhcp.o(.data)
    GET_SN_MASK                              0x20000140   Data           4  dhcp.o(.data)
    GET_GW_IP                                0x20000144   Data           4  dhcp.o(.data)
    GET_DNS_IP                               0x20000148   Data           4  dhcp.o(.data)
    DHCP_HOST_NAME                           0x2000014c   Data           4  dhcp.o(.data)
    GET_SIP                                  0x20000150   Data           4  dhcp.o(.data)
    DHCP_SIP                                 0x20000154   Data           4  dhcp.o(.data)
    DHCP_REAL_SIP                            0x20000158   Data           4  dhcp.o(.data)
    OLD_SIP                                  0x2000015c   Data           4  dhcp.o(.data)
    __stdout                                 0x20000208   Data           4  stdout.o(.data)
    gEepromLgi                               0x200082b0   Data          33  main.o(.bss)
    gEepromMqtt                              0x200082d1   Data          60  main.o(.bss)
    gEepromLnet                              0x2000830d   Data          26  main.o(.bss)
    gEepromMlgi                              0x20008327   Data          15  main.o(.bss)
    DHCP_GET                                 0x2000ec80   Data          22  dhcp.o(.bss)
    http_tx_buf                              0x2000f096   Data        1460  web_server.o(.bss)
    http_rx_buf                              0x2000f64a   Data        1460  web_server.o(.bss)
    __initial_sp                             0x20013f00   Data           0  startup_stm32f40_41xxx.o(STACK)



==============================================================================

Memory Map of the image

  Image Entry point : 0x08000255

  Load Region LR_IROM1 (Base: 0x08000000, Size: 0x0001154c, Max: 0x00080000, ABSOLUTE, COMPRESSED[0x000113d4])

    Execution Region ER_IROM1 (Base: 0x08000000, Size: 0x0001133c, Max: 0x00080000, ABSOLUTE)

    Base Addr    Size         Type   Attr      Idx    E Section Name        Object

    0x08000000   0x00000188   Data   RO            3    RESET               startup_stm32f40_41xxx.o
    0x08000188   0x00000000   Code   RO         2268  * .ARM.Collect$$$$00000000  mc_w.l(entry.o)
    0x08000188   0x00000004   Code   RO         2572    .ARM.Collect$$$$00000001  mc_w.l(entry2.o)
    0x0800018c   0x00000004   Code   RO         2575    .ARM.Collect$$$$00000004  mc_w.l(entry5.o)
    0x08000190   0x00000000   Code   RO         2577    .ARM.Collect$$$$00000008  mc_w.l(entry7b.o)
    0x08000190   0x00000000   Code   RO         2579    .ARM.Collect$$$$0000000A  mc_w.l(entry8b.o)
    0x08000190   0x00000008   Code   RO         2580    .ARM.Collect$$$$0000000B  mc_w.l(entry9a.o)
    0x08000198   0x00000000   Code   RO         2582    .ARM.Collect$$$$0000000D  mc_w.l(entry10a.o)
    0x08000198   0x00000000   Code   RO         2584    .ARM.Collect$$$$0000000F  mc_w.l(entry11a.o)
    0x08000198   0x00000004   Code   RO         2573    .ARM.Collect$$$$00002712  mc_w.l(entry2.o)
    0x0800019c   0x000000b6   Code   RO          661    .emb_text           port.o
    0x08000252   0x00000002   PAD
    0x08000254   0x00000024   Code   RO            4  * .text               startup_stm32f40_41xxx.o
    0x08000278   0x00000210   Code   RO           13    .text               system_stm32f4xx.o
    0x08000488   0x000000e0   Code   RO          144    .text               misc.o
    0x08000568   0x00000694   Code   RO          220    .text               stm32f4xx_flash.o
    0x08000bfc   0x00000294   Code   RO          244    .text               stm32f4xx_gpio.o
    0x08000e90   0x00000040   Code   RO          292    .text               stm32f4xx_iwdg.o
    0x08000ed0   0x0000065c   Code   RO          316    .text               stm32f4xx_rcc.o
    0x0800152c   0x00000480   Code   RO          366    .text               stm32f4xx_spi.o
    0x080019ac   0x00000ca2   Code   RO          414    .text               stm32f4xx_tim.o
    0x0800264e   0x00000002   PAD
    0x08002650   0x00000454   Code   RO          438    .text               stm32f4xx_usart.o
    0x08002aa4   0x000003a8   Code   RO          510    .text               stm32f4xx_dma.o
    0x08002e4c   0x00000094   Code   RO          606    .text               list.o
    0x08002ee0   0x00001614   Code   RO          636    .text               tasks.o
    0x080044f4   0x00000300   Code   RO          662    .text               port.o
    0x080047f4   0x0000029c   Code   RO          679    .text               heap_4.o
    0x08004a90   0x000000a8   Code   RO          706    .text               main.o
    0x08004b38   0x0000008c   Code   RO          889    .text               stm32f4xx_it.o
    0x08004bc4   0x0000018c   Code   RO          925    .text               task_wdg.o
    0x08004d50   0x00000024   Code   RO          966    .text               task_web.o
    0x08004d74   0x00000544   Code   RO          990    .text               task_mqtt.o
    0x080052b8   0x0000003c   Code   RO         1051    .text               board.o
    0x080052f4   0x00000334   Code   RO         1094    .text               flash.o
    0x08005628   0x0000017c   Code   RO         1119    .text               fifo.o
    0x080057a4   0x0000017c   Code   RO         1146    .text               fiforx.o
    0x08005920   0x000001f0   Code   RO         1173    .text               led_driver.o
    0x08005b10   0x00000114   Code   RO         1199    .text               inout_driver.o
    0x08005c24   0x00000210   Code   RO         1257    .text               i2c_driver.o
    0x08005e34   0x0000011c   Code   RO         1357    .text               spi2_driver.o
    0x08005f50   0x00000894   Code   RO         1381    .text               at24cx_driver.o
    0x080067e4   0x000002cc   Code   RO         1437    .text               usart1_driver.o
    0x08006ab0   0x00000100   Code   RO         1536    .text               usart4_driver.o
    0x08006bb0   0x000000ac   Code   RO         1560    .text               timer2_driver.o
    0x08006c5c   0x000000a0   Code   RO         1586    .text               timer3_driver.o
    0x08006cfc   0x000000c0   Code   RO         1634    .text               timer5_driver.o
    0x08006dbc   0x00000036   Code   RO         1658    .text               wdg_driver.o
    0x08006df2   0x00000002   PAD
    0x08006df4   0x00000074   Code   RO         1685    .text               crc16.o
    0x08006e68   0x00000508   Code   RO         1711    .text               w5500_conf.o
    0x08007370   0x00000764   Code   RO         1741    .text               socket.o
    0x08007ad4   0x00000528   Code   RO         1781    .text               w5500.o
    0x08007ffc   0x000004ba   Code   RO         1815    .text               utility.o
    0x080084b6   0x00000002   PAD
    0x080084b8   0x00000dd4   Code   RO         1848    .text               dhcp.o
    0x0800928c   0x00000510   Code   RO         1880    .text               web_server.o
    0x0800979c   0x000011e4   Code   RO         1914    .text               webutil.o
    0x0800a980   0x00000514   Code   RO         2030    .text               dns.o
    0x0800ae94   0x00000574   Code   RO         2060    .text               mqtthelper.o
    0x0800b408   0x000002c4   Code   RO         2109    .text               mqttconnectclient.o
    0x0800b6cc   0x000003fc   Code   RO         2161    .text               mqttpacket.o
    0x0800bac8   0x0000018e   Code   RO         2175    .text               mqttserializepublish.o
    0x0800bc56   0x00000170   Code   RO         2187    .text               mqttsubscribeclient.o
    0x0800bdc6   0x00000002   PAD
    0x0800bdc8   0x00000454   Code   RO         2238    .text               message.o
    0x0800c21c   0x00000024   Code   RO         2271    .text               mc_w.l(memcpya.o)
    0x0800c240   0x00000024   Code   RO         2273    .text               mc_w.l(memseta.o)
    0x0800c264   0x00000018   Code   RO         2275    .text               mc_w.l(strcat.o)
    0x0800c27c   0x00000024   Code   RO         2277    .text               mc_w.l(strstr.o)
    0x0800c2a0   0x00000018   Code   RO         2279    .text               mc_w.l(strncpy.o)
    0x0800c2b8   0x00000014   Code   RO         2281    .text               mc_w.l(strchr.o)
    0x0800c2cc   0x0000000e   Code   RO         2283    .text               mc_w.l(strlen.o)
    0x0800c2da   0x0000001c   Code   RO         2285    .text               mc_w.l(strcmp.o)
    0x0800c2f6   0x0000001a   Code   RO         2287    .text               mc_w.l(memcmp.o)
    0x0800c310   0x00000012   Code   RO         2289    .text               mc_w.l(strcpy.o)
    0x0800c322   0x0000001e   Code   RO         2291    .text               mc_w.l(strncmp.o)
    0x0800c340   0x00000044   Code   RO         2293    .text               mc_w.l(strtok.o)
    0x0800c384   0x0000001a   Code   RO         2562    .text               mc_w.l(atoi.o)
    0x0800c39e   0x0000014e   Code   RO         2564    .text               mf_w.l(dadd.o)
    0x0800c4ec   0x000000de   Code   RO         2566    .text               mf_w.l(ddiv.o)
    0x0800c5ca   0x0000002c   Code   RO         2587    .text               mc_w.l(uidiv.o)
    0x0800c5f6   0x00000062   Code   RO         2589    .text               mc_w.l(uldiv.o)
    0x0800c658   0x0000001e   Code   RO         2591    .text               mc_w.l(llshl.o)
    0x0800c676   0x00000020   Code   RO         2593    .text               mc_w.l(llushr.o)
    0x0800c696   0x00000024   Code   RO         2595    .text               mc_w.l(llsshr.o)
    0x0800c6ba   0x00000070   Code   RO         2604    .text               mc_w.l(strtol.o)
    0x0800c72a   0x00000000   Code   RO         2606    .text               mc_w.l(iusefp.o)
    0x0800c72a   0x000000ba   Code   RO         2607    .text               mf_w.l(depilogue.o)
    0x0800c7e4   0x000000e4   Code   RO         2609    .text               mf_w.l(dmul.o)
    0x0800c8c8   0x00000030   Code   RO         2611    .text               mf_w.l(dfixul.o)
    0x0800c8f8   0x00000030   Code   RO         2613    .text               mf_w.l(cdrcmple.o)
    0x0800c928   0x00000024   Code   RO         2615    .text               mc_w.l(init.o)
    0x0800c94c   0x00000008   Code   RO         2617    .text               mc_w.l(ctype_o.o)
    0x0800c954   0x0000009e   Code   RO         2645    .text               mc_w.l(_strtoul.o)
    0x0800c9f2   0x0000001c   Code   RO         2647    .text               mc_w.l(_chval.o)
    0x0800ca0e   0x00000056   Code   RO         2657    .text               mc_w.l(__dczerorl2.o)
    0x0800ca64   0x00000020   Code   RO         2534    i.__0printf         mc_w.l(printfa.o)
    0x0800ca84   0x00000028   Code   RO         2536    i.__0sprintf        mc_w.l(printfa.o)
    0x0800caac   0x00000008   Code   RO         2597    i.__aeabi_errno_addr  mc_w.l(errno.o)
    0x0800cab4   0x0000000e   Code   RO         2651    i.__scatterload_copy  mc_w.l(handlers.o)
    0x0800cac2   0x00000002   Code   RO         2652    i.__scatterload_null  mc_w.l(handlers.o)
    0x0800cac4   0x0000000e   Code   RO         2653    i.__scatterload_zeroinit  mc_w.l(handlers.o)
    0x0800cad2   0x00000002   PAD
    0x0800cad4   0x00000184   Code   RO         2541    i._fp_digits        mc_w.l(printfa.o)
    0x0800cc58   0x000006dc   Code   RO         2542    i._printf_core      mc_w.l(printfa.o)
    0x0800d334   0x00000024   Code   RO         2543    i._printf_post_padding  mc_w.l(printfa.o)
    0x0800d358   0x0000002e   Code   RO         2544    i._printf_pre_padding  mc_w.l(printfa.o)
    0x0800d386   0x0000000a   Code   RO         2546    i._sputc            mc_w.l(printfa.o)
    0x0800d390   0x0000004e   Data   RO         1383    .constdata          at24cx_driver.o
    0x0800d3de   0x00000002   PAD
    0x0800d3e0   0x00000600   Data   RO         1686    .constdata          crc16.o
    0x0800d9e0   0x00000076   Data   RO         1915    .constdata          webutil.o
    0x0800da56   0x00000002   PAD
    0x0800da58   0x00000058   Data   RO         2062    .constdata          mqtthelper.o
    0x0800dab0   0x00000081   Data   RO         2618    .constdata          mc_w.l(ctype_o.o)
    0x0800db31   0x00000003   PAD
    0x0800db34   0x00000004   Data   RO         2619    .constdata          mc_w.l(ctype_o.o)
    0x0800db38   0x00000041   Data   RO          708    .conststring        main.o
    0x0800db79   0x00000003   PAD
    0x0800db7c   0x00000218   Data   RO          890    .conststring        stm32f4xx_it.o
    0x0800dd94   0x00000005   Data   RO         1850    .conststring        dhcp.o
    0x0800dd99   0x00000003   PAD
    0x0800dd9c   0x00000093   Data   RO         1882    .conststring        web_server.o
    0x0800de2f   0x00000001   PAD
    0x0800de30   0x000034ea   Data   RO         1916    .conststring        webutil.o
    0x0801131a   0x00000002   PAD
    0x0801131c   0x00000020   Data   RO         2649    Region$$Table       anon$$obj.o


    Execution Region RW_IRAM1 (Base: 0x20000000, Size: 0x00013f00, Max: 0x00020000, ABSOLUTE, COMPRESSED[0x00000098])

    Base Addr    Size         Type   Attr      Idx    E Section Name        Object

    0x20000000   0x00000014   Data   RW           14    .data               system_stm32f4xx.o
    0x20000014   0x00000010   Data   RW          317    .data               stm32f4xx_rcc.o
    0x20000024   0x00000038   Data   RW          638    .data               tasks.o
    0x2000005c   0x0000000c   Data   RW          663    .data               port.o
    0x20000068   0x00000018   Data   RW          681    .data               heap_4.o
    0x20000080   0x00000001   Data   RW          709    .data               main.o
    0x20000081   0x00000003   PAD
    0x20000084   0x0000000c   Data   RW          927    .data               task_wdg.o
    0x20000090   0x00000040   Data   RW          992    .data               task_mqtt.o
    0x200000d0   0x00000006   Data   RW         1121    .data               fifo.o
    0x200000d6   0x00000006   Data   RW         1148    .data               fiforx.o
    0x200000dc   0x00000014   Data   RW         1174    .data               led_driver.o
    0x200000f0   0x00000001   Data   RW         1561    .data               timer2_driver.o
    0x200000f1   0x00000003   PAD
    0x200000f4   0x0000000c   Data   RW         1712    .data               w5500_conf.o
    0x20000100   0x00000002   Data   RW         1742    .data               socket.o
    0x20000102   0x00000030   Data   RW         1782    .data               w5500.o
    0x20000132   0x00000004   Data   RW         1817    .data               utility.o
    0x20000136   0x00000002   PAD
    0x20000138   0x00000044   Data   RW         1851    .data               dhcp.o
    0x2000017c   0x00000018   Data   RW         1917    .data               webutil.o
    0x20000194   0x00000034   Data   RW         2032    .data               dns.o
    0x200001c8   0x0000001c   Data   RW         2063    .data               mqtthelper.o
    0x200001e4   0x00000004   Data   RW         2162    .data               mqttpacket.o
    0x200001e8   0x00000019   Data   RW         2240    .data               message.o
    0x20000201   0x00000003   PAD
    0x20000204   0x00000004   Data   RW         2294    .data               mc_w.l(strtok.o)
    0x20000208   0x00000004   Data   RW         2586    .data               mc_w.l(stdout.o)
    0x2000020c   0x00000004   Data   RW         2600    .data               mc_w.l(errno.o)
    0x20000210   0x000000a0   Zero   RW          637    .bss                tasks.o
    0x200002b0   0x00008000   Zero   RW          680    .bss                heap_4.o
    0x200082b0   0x00000086   Zero   RW          707    .bss                main.o
    0x20008336   0x00001000   Zero   RW          926    .bss                task_wdg.o
    0x20009336   0x0000000c   Zero   RW          991    .bss                task_mqtt.o
    0x20009342   0x00000002   PAD
    0x20009344   0x0000000c   Zero   RW         1095    .bss                flash.o
    0x20009350   0x00001000   Zero   RW         1120    .bss                fifo.o
    0x2000a350   0x00004000   Zero   RW         1147    .bss                fiforx.o
    0x2000e350   0x00000086   Zero   RW         1382    .bss                at24cx_driver.o
    0x2000e3d6   0x00000002   PAD
    0x2000e3d8   0x00000878   Zero   RW         1438    .bss                usart1_driver.o
    0x2000ec50   0x00000030   Zero   RW         1816    .bss                utility.o
    0x2000ec80   0x00000416   Zero   RW         1849    .bss                dhcp.o
    0x2000f096   0x00000f68   Zero   RW         1881    .bss                web_server.o
    0x2000fffe   0x00000400   Zero   RW         2031    .bss                dns.o
    0x200103fe   0x00002800   Zero   RW         2061    .bss                mqtthelper.o
    0x20012bfe   0x00000300   Zero   RW         2239    .bss                message.o
    0x20012efe   0x00000002   PAD
    0x20012f00   0x00001000   Zero   RW            1    STACK               startup_stm32f40_41xxx.o


==============================================================================

Image component sizes


      Code (inc. data)   RO Data    RW Data    ZI Data      Debug   Object Name

      2196        474         78          0        134       6608   at24cx_driver.o
        60          6          0          0          0       1740   board.o
       116         10       1536          0          0       1743   crc16.o
         0          0          0          0          0       7040   croutine.o
      3540        234          5         68       1046       8247   dhcp.o
      1300         70          0         52       1024       6190   dns.o
         0          0          0          0          0       9644   event_groups.o
       380         18          0          6       4096       2314   fifo.o
       380         18          0          6      16384       2344   fiforx.o
       820        200          0          0         12       4428   flash.o
       668         24          0         24      32768       6140   heap_4.o
       528          4          0          0          0       2498   i2c_driver.o
       276         60          0          0          0        965   inout_driver.o
       496         70          0         20          0       2553   led_driver.o
       148          0          0          0          0       1946   list.o
       168         52         65          1        134       5193   main.o
      1108        104          0         25        768       6361   message.o
       224         20          0          0          0       1821   misc.o
       708         18          0          0          0       3074   mqttconnectclient.o
      1396        238         88         28      10240       8130   mqtthelper.o
      1020          8          0          4          0       6360   mqttpacket.o
       398          0          0          0          0       2842   mqttserializepublish.o
       368          0          0          0          0       2395   mqttsubscribeclient.o
       950         54          0         12          0       6303   port.o
      1892         32          0          2          0       5871   socket.o
       284         44          0          0          0        977   spi2_driver.o
        36          8        392          0       4096        888   startup_stm32f40_41xxx.o
       936         32          0          0          0       6397   stm32f4xx_dma.o
      1684         28          0          0          0       9422   stm32f4xx_flash.o
       660         44          0          0          0       4165   stm32f4xx_gpio.o
       140         34        536          0          0      27562   stm32f4xx_it.o
        64          6          0          0          0       1345   stm32f4xx_iwdg.o
      1628         52          0         16          0      13052   stm32f4xx_rcc.o
      1152         36          0          0          0       6909   stm32f4xx_spi.o
      3234         60          0          0          0      23016   stm32f4xx_tim.o
      1108         34          0          0          0       7884   stm32f4xx_usart.o
       528         46          0         20          0     319355   system_stm32f4xx.o
      1348        500          0         64         12       4285   task_mqtt.o
       396         70          0         12       4096       1248   task_wdg.o
        36          6          0          0          0        520   task_web.o
      5652        328          0         56        160      22820   tasks.o
       172          6          0          1          0        957   timer2_driver.o
       160         48          0          0          0        613   timer3_driver.o
       192         50          0          0          0        749   timer5_driver.o
       716         32          0          0       2168       3051   usart1_driver.o
       256          8          0          0          0       1794   usart4_driver.o
      1210         68          0          4         48       8354   utility.o
      1320         80          0         48          0       6938   w5500.o
      1288        398          0         12          0       4569   w5500_conf.o
        54          0          0          0          0        610   wdg_driver.o
      1296        530        147          0       3944       5833   web_server.o
      4580        650      13664         24          0       9153   webutil.o

    ----------------------------------------------------------------------
     49280       4912      16556        516      81136     605216   Object Totals
         0          0         32          0          0          0   (incl. Generated)
        10          0         13         11          6          0   (incl. Padding)

    ----------------------------------------------------------------------

      Code (inc. data)   RO Data    RW Data    ZI Data      Debug   Library Member Name

        86          0          0          0          0          0   __dczerorl2.o
        28          0          0          0          0         68   _chval.o
       158          0          0          0          0         92   _strtoul.o
        26          0          0          0          0         80   atoi.o
         8          4        133          0          0         68   ctype_o.o
         0          0          0          0          0          0   entry.o
         0          0          0          0          0          0   entry10a.o
         0          0          0          0          0          0   entry11a.o
         8          4          0          0          0          0   entry2.o
         4          0          0          0          0          0   entry5.o
         0          0          0          0          0          0   entry7b.o
         0          0          0          0          0          0   entry8b.o
         8          4          0          0          0          0   entry9a.o
         8          4          0          4          0         68   errno.o
        30          0          0          0          0          0   handlers.o
        36          8          0          0          0         68   init.o
         0          0          0          0          0          0   iusefp.o
        30          0          0          0          0         68   llshl.o
        36          0          0          0          0         68   llsshr.o
        32          0          0          0          0         68   llushr.o
        26          0          0          0          0         80   memcmp.o
        36          0          0          0          0         68   memcpya.o
        36          0          0          0          0        108   memseta.o
      2308         96          0          0          0        604   printfa.o
         0          0          0          4          0          0   stdout.o
        24          0          0          0          0         68   strcat.o
        20          0          0          0          0         68   strchr.o
        28          0          0          0          0         76   strcmp.o
        18          0          0          0          0         68   strcpy.o
        14          0          0          0          0         68   strlen.o
        30          0          0          0          0         80   strncmp.o
        24          0          0          0          0         76   strncpy.o
        36          0          0          0          0         80   strstr.o
        68          6          0          4          0         80   strtok.o
       112          0          0          0          0         88   strtol.o
        44          0          0          0          0         80   uidiv.o
        98          0          0          0          0         92   uldiv.o
        48          0          0          0          0         68   cdrcmple.o
       334          0          0          0          0        148   dadd.o
       222          0          0          0          0        100   ddiv.o
       186          0          0          0          0        176   depilogue.o
        48          0          0          0          0         68   dfixul.o
       228          0          0          0          0         96   dmul.o

    ----------------------------------------------------------------------
      4488        126        136         12          0       3088   Library Totals
         2          0          3          0          0          0   (incl. Padding)

    ----------------------------------------------------------------------

      Code (inc. data)   RO Data    RW Data    ZI Data      Debug   Library Name

      3420        126        133         12          0       2432   mc_w.l
      1066          0          0          0          0        656   mf_w.l

    ----------------------------------------------------------------------
      4488        126        136         12          0       3088   Library Totals

    ----------------------------------------------------------------------

==============================================================================


      Code (inc. data)   RO Data    RW Data    ZI Data      Debug   

     53768       5038      16692        528      81136     597072   Grand Totals
     53768       5038      16692        152      81136     597072   ELF Image Totals (compressed)
     53768       5038      16692        152          0          0   ROM Totals

==============================================================================

    Total RO  Size (Code + RO Data)                70460 (  68.81kB)
    Total RW  Size (RW Data + ZI Data)             81664 (  79.75kB)
    Total ROM Size (Code + RO Data + RW Data)      70612 (  68.96kB)

==============================================================================

