<html>
<body>
<pre>
<h1>µVision Build Log</h1>
<h2>Tool Versions:</h2>
IDE-Version: ¦ÌVision V5.23.0.0
Copyright (C) 2017 ARM Ltd and ARM Germany GmbH. All rights reserved.
License Information: apple apple, apple, LIC=EXJWF-62LI1-DYSV3-AZDSY-75GI9-3HTG3
 
Tool Versions:
Toolchain:       MDK-ARM Plus  Version: 5.23
Toolchain Path:  C:\Kei5\ARM\ARMCC\Bin
C Compiler:      Armcc.exe V5.06 update 4 (build 422)
Assembler:       Armasm.exe V5.06 update 4 (build 422)
Linker/Locator:  ArmLink.exe V5.06 update 4 (build 422)
Library Manager: ArmAr.exe V5.06 update 4 (build 422)
Hex Converter:   FromElf.exe V5.06 update 4 (build 422)
CPU DLL:         SARMCM3.DLL V5.23
Dialog DLL:      DCM.DLL V1.15.0.0
Target DLL:      Segger\JL2CM3.dll V2.99.23.0
Dialog DLL:      TCM.DLL V1.27.0.0
 
<h2>Project:</h2>
C:\Users\apple\Desktop\WCHAT&MQTT\firmware_mqtt\user\hunyun.uvprojx
Project File Date:  08/07/2018

<h2>Output:</h2>
*** Using Compiler 'V5.06 update 4 (build 422)', folder: 'C:\Kei5\ARM\ARMCC\Bin'
Build target 'firmware'
compiling task_wdg.c...
task\task_wdg.c(13): warning:  #177-D: variable "phyOfflineCount"  was declared but never referenced
      static uint32_t phyOfflineCount = 0;
task\task_wdg.c(14): warning:  #177-D: variable "phyOfflineCountMax"  was declared but never referenced
      const static uint32_t phyOfflineCountMax = 43200; //! about 6 hours
task\task_wdg.c(68): warning:  #177-D: label "dafault"  was declared but never referenced
                  dafault:
task\task_wdg.c: 3 warnings, 0 errors
linking...
..\output\output.axf: Warning: L6340W: options first and last are ignored for link type of scattered
Program Size: Code=55116 RO-data=16764 RW-data=536 ZI-data=81136  
Finished: 0 information, 1 warning and 0 error messages.
FromELF: creating hex file...
After Build - User command #1: C:\Kei5\ARM\ARMCC\bin\fromelf.exe --bin -o  ..\output\huayun.bin ..\output\output.axf
"..\output\output.axf" - 0 Error(s), 4 Warning(s).

<h2>Collection of Component include folders:</h2>
  .\RTE\_firmware
  C:\Kei5\ARM\PACK\Keil\STM32F4xx_DFP\2.9.0\Drivers\CMSIS\Device\ST\STM32F4xx\Include

<h2>Collection of Component Files used:</h2>
Build Time Elapsed:  00:00:08
</pre>
</body>
</html>
