<html>
<body>
<pre>
<h1>µVision Build Log</h1>
<h2>Tool Versions:</h2>
IDE-Version: ¦ÌVision V5.23.0.0
Copyright (C) 2017 ARM Ltd and ARM Germany GmbH. All rights reserved.
License Information: apple apple, apple, LIC=EXJWF-62LI1-DYSV3-AZDSY-75GI9-3HTG3
 
Tool Versions:
Toolchain:       MDK-ARM Plus  Version: 5.23
Toolchain Path:  C:\Kei5\ARM\ARMCC\Bin
C Compiler:      Armcc.exe V5.06 update 4 (build 422)
Assembler:       Armasm.exe V5.06 update 4 (build 422)
Linker/Locator:  ArmLink.exe V5.06 update 4 (build 422)
Library Manager: ArmAr.exe V5.06 update 4 (build 422)
Hex Converter:   FromElf.exe V5.06 update 4 (build 422)
CPU DLL:         SARMCM3.DLL V5.23
Dialog DLL:      DCM.DLL V1.15.0.0
Target DLL:      Segger\JL2CM3.dll V2.99.23.0
Dialog DLL:      TCM.DLL V1.27.0.0
 
<h2>Project:</h2>
C:\Users\apple\Desktop\WCHAT&MQTT\firmware_mqtt\user\hunyun.uvprojx
Project File Date:  08/07/2018

<h2>Output:</h2>
*** Using Compiler 'V5.06 update 4 (build 422)', folder: 'C:\Kei5\ARM\ARMCC\Bin'
Build target 'firmware'
compiling main.c...
compiling task_web.c...
compiling task_mqtt.c...
task\task_mqtt.c(28): warning:  #177-D: variable "wait_connect_ack_times"  was declared but never referenced
      static uint8_t wait_connect_ack_times = 0;  
task\task_mqtt.c: 1 warning, 0 errors
compiling task_wdg.c...
task\task_wdg.c(67): warning:  #177-D: label "dafault"  was declared but never referenced
                  dafault:
task\task_wdg.c: 1 warning, 0 errors
compiling flash.c...
compiling fifo.c...
compiling board.c...
compiling fiforx.c...
compiling adc_driver.c...
compiling sim_driver.c...
compiling at24cx_driver.c...
compiling i2c2_driver.c...
..\drivers\i2c2_driver.c(155): warning:  #177-D: function "i2c2WaitAck"  was declared but never referenced
  static bool i2c2WaitAck(void)
..\drivers\i2c2_driver.c(176): warning:  #177-D: function "i2c2Ack"  was declared but never referenced
  static void i2c2Ack(void)
..\drivers\i2c2_driver.c(189): warning:  #177-D: function "i2c2NAck"  was declared but never referenced
  static void i2c2NAck(void)
..\drivers\i2c2_driver.c: 3 warnings, 0 errors
compiling usart1_driver.c...
..\drivers\usart1_driver.c(183): warning:  #177-D: variable "data"  was declared but never referenced
  	static uint8_t data;
..\drivers\usart1_driver.c(224): warning:  #1-D: last line of file ends without a newline
    
..\drivers\usart1_driver.c(122): warning:  #177-D: function "USART_CRIS_ENTER"  was declared but never referenced
  static void USART_CRIS_ENTER(void)
..\drivers\usart1_driver.c(128): warning:  #177-D: function "USART_CRIS_EXIT"  was declared but never referenced
  static void USART_CRIS_EXIT(void)
..\drivers\usart1_driver.c(6): warning:  #177-D: variable "DMA_InitStructureTx"  was declared but never referenced
  static DMA_InitTypeDef DMA_InitStructureTx;
..\drivers\usart1_driver.c: 5 warnings, 0 errors
compiling usart2_driver.c...
compiling usart3_driver.c...
compiling usart4_driver.c...
..\drivers\usart4_driver.c(18): warning:  #177-D: variable "NVIC_InitStructure"  was declared but never referenced
  	NVIC_InitTypeDef   NVIC_InitStructure;
..\drivers\usart4_driver.c: 1 warning, 0 errors
compiling w5500_conf.c...
compiling dhcp.c...
compiling webutil.c...
ethernet\net\webutil.c(311): warning:  #177-D: variable "ret"  was declared but never referenced
      uint8_t ret = HTTP_OK;
ethernet\net\webutil.c(312): warning:  #177-D: variable "len"  was declared but never referenced
      uint16_t len = 0;
ethernet\net\webutil.c(338): warning:  #177-D: variable "dev_enable_state"  was declared but never referenced
      bool dev_enable_state = false;
ethernet\net\webutil.c(411): warning:  #177-D: variable "len_vsd"  was declared but never referenced
      uint8_t len_vsd;
ethernet\net\webutil.c(673): warning:  #177-D: variable "port"  was declared but never referenced
  	uint16_t port;
ethernet\net\webutil.c(675): warning:  #177-D: variable "flag_mqtt_dns"  was declared but never referenced
      uint8_t flag_mqtt_dns = DNS_DISABLE;
ethernet\net\webutil.c(365): warning:  #177-D: function "make_status_json_callback"  was declared but never referenced
  static void make_status_json_callback(char* buf)
ethernet\net\webutil.c(91): warning:  #177-D: variable "FLASH_BASE_ADDR"  was declared but never referenced
  static uint32_t FLASH_BASE_ADDR = ADDR_FLASH_TEMP;
ethernet\net\webutil.c: 8 warnings, 0 errors
compiling udp.c...
compiling mqtthelper.c...
mqtt\mqtthelper.c(110): warning:  #940-D: missing return statement at end of non-void function "transport_open" 
  }
mqtt\mqtthelper.c(132): warning:  #177-D: variable "rc"  was declared but never referenced
      int rc = 0;
mqtt\mqtthelper.c(226): warning:  #940-D: missing return statement at end of non-void function "mqtt_publish_buffer" 
  }
mqtt\mqtthelper.c(311): warning:  #940-D: missing return statement at end of non-void function "mqtt_subscrib" 
  }
mqtt\mqtthelper.c(240): warning:  #550-D: variable "rc"  was set but never used
      int rc = 0;
mqtt\mqtthelper.c: 5 warnings, 0 errors
compiling message.c...
linking...
..\output\output.axf: Warning: L6340W: options first and last are ignored for link type of scattered
Program Size: Code=53768 RO-data=16692 RW-data=528 ZI-data=81136  
Finished: 0 information, 1 warning and 0 error messages.
FromELF: creating hex file...
After Build - User command #1: C:\Kei5\ARM\ARMCC\bin\fromelf.exe --bin -o  ..\output\huayun.bin ..\output\output.axf
"..\output\output.axf" - 0 Error(s), 25 Warning(s).

<h2>Collection of Component include folders:</h2>
  .\RTE\_firmware
  C:\Kei5\ARM\PACK\Keil\STM32F4xx_DFP\2.9.0\Drivers\CMSIS\Device\ST\STM32F4xx\Include

<h2>Collection of Component Files used:</h2>
Build Time Elapsed:  00:00:40
</pre>
</body>
</html>
