<html>
<body>
<pre>
<h1>µVision Build Log</h1>
<h2>Tool Versions:</h2>
IDE-Version: ¦ÌVision V5.23.0.0
Copyright (C) 2017 ARM Ltd and ARM Germany GmbH. All rights reserved.
License Information: apple apple, apple, LIC=EXJWF-62LI1-DYSV3-AZDSY-75GI9-3HTG3
 
Tool Versions:
Toolchain:       MDK-ARM Plus  Version: 5.23
Toolchain Path:  C:\Kei5\ARM\ARMCC\Bin
C Compiler:      Armcc.exe V5.06 update 4 (build 422)
Assembler:       Armasm.exe V5.06 update 4 (build 422)
Linker/Locator:  ArmLink.exe V5.06 update 4 (build 422)
Library Manager: ArmAr.exe V5.06 update 4 (build 422)
Hex Converter:   FromElf.exe V5.06 update 4 (build 422)
CPU DLL:         SARMCM3.DLL V5.23
Dialog DLL:      DCM.DLL V1.15.0.0
Target DLL:      Segger\JL2CM3.dll V2.99.23.0
Dialog DLL:      TCM.DLL V1.27.0.0
 
<h2>Project:</h2>
C:\Users\apple\Desktop\WCHAT&MQTT\firmware_wchat\user\hunyun.uvprojx
Project File Date:  06/01/2018

<h2>Output:</h2>
*** Using Compiler 'V5.06 update 4 (build 422)', folder: 'C:\Kei5\ARM\ARMCC\Bin'
Build target 'firmware'
compiling flash.c...
..\drivers\flash.c(91): warning:  #177-D: variable "Jump_To_Application"  was declared but never referenced
  	pFunction Jump_To_Application;
..\drivers\flash.c(92): warning:  #177-D: variable "JumpAddress"  was declared but never referenced
  	uint32_t JumpAddress;
..\drivers\flash.c: 2 warnings, 0 errors
linking...
..\output\output.axf: Warning: L6340W: options first and last are ignored for link type of scattered
Program Size: Code=50016 RO-data=16136 RW-data=412 ZI-data=94268  
Finished: 0 information, 1 warning and 0 error messages.
FromELF: creating hex file...
After Build - User command #1: C:\Kei5\ARM\ARMCC\bin\fromelf.exe --bin -o  ..\output\huayun.bin ..\output\output.axf
"..\output\output.axf" - 0 Error(s), 3 Warning(s).

<h2>Collection of Component include folders:</h2>
  .\RTE\_firmware
  C:\Kei5\ARM\PACK\Keil\STM32F4xx_DFP\2.9.0\Drivers\CMSIS\Device\ST\STM32F4xx\Include

<h2>Collection of Component Files used:</h2>
Build Time Elapsed:  00:00:09
</pre>
</body>
</html>
