<html>
<body>
<pre>
<h1>µVision Build Log</h1>
<h2>Tool Versions:</h2>
IDE-Version: ¶ÃVision V5.23.0.0
Copyright (C) 2017 ARM Ltd and ARM Germany GmbH. All rights reserved.
License Information: apple apple, apple, LIC=EXJWF-62LI1-DYSV3-AZDSY-75GI9-3HTG3
 
Tool Versions:
Toolchain:       MDK-ARM Plus  Version: 5.23
Toolchain Path:  C:\Kei5\ARM\ARMCC\Bin
C Compiler:      Armcc.exe V5.06 update 4 (build 422)
Assembler:       Armasm.exe V5.06 update 4 (build 422)
Linker/Locator:  ArmLink.exe V5.06 update 4 (build 422)
Library Manager: ArmAr.exe V5.06 update 4 (build 422)
Hex Converter:   FromElf.exe V5.06 update 4 (build 422)
CPU DLL:         SARMCM3.DLL V5.23
Dialog DLL:      DCM.DLL V1.15.0.0
Target DLL:      Segger\JL2CM3.dll V2.99.23.0
Dialog DLL:      TCM.DLL V1.27.0.0
 
<h2>Project:</h2>
C:\Users\apple\Desktop\WTEST\user\hunyun.uvprojx
Project File Date:  06/01/2018

<h2>Output:</h2>
*** Using Compiler 'V5.06 update 4 (build 422)', folder: 'C:\Kei5\ARM\ARMCC\Bin'
Rebuild target 'firmware'
assembling startup_stm32f40_41xxx.s...
compiling stm32f4xx_adc.c...
compiling misc.c...
compiling system_stm32f4xx.c...
compiling stm32f4xx_exti.c...
compiling stm32f4xx_gpio.c...
compiling stm32f4xx_flash.c...
compiling stm32f4xx_i2c.c...
compiling stm32f4xx_iwdg.c...
compiling stm32f4xx_rtc.c...
compiling stm32f4xx_spi.c...
compiling stm32f4xx_rcc.c...
compiling stm32f4xx_syscfg.c...
compiling stm32f4xx_wwdg.c...
compiling stm32f4xx_usart.c...
compiling stm32f4xx_pwr.c...
compiling stm32f4xx_tim.c...
compiling croutine.c...
compiling list.c...
compiling event_groups.c...
compiling timers.c...
compiling queue.c...
compiling tasks.c...
compiling heap_4.c...
compiling stm32f4xx_dma.c...
compiling port.c...
compiling main.c...
compiling task_wdg.c...
task\task_wdg.c(13): warning:  #177-D: variable "phyOfflineCount"  was declared but never referenced
      static uint32_t phyOfflineCount = 0;
task\task_wdg.c(14): warning:  #177-D: variable "phyOfflineCountMax"  was declared but never referenced
      const static uint32_t phyOfflineCountMax = 43200; //! about 6 hours
task\task_wdg.c(63): warning:  #177-D: label "dafault"  was declared but never referenced
                  dafault:
task\task_wdg.c: 3 warnings, 0 errors
compiling task_web.c...
compiling task_mqtt.c...
task\task_mqtt.c(33): warning:  #546-D: transfer of control bypasses initialization of:
            variable "sr"  (declared at line 181)
          switch (mqtt_state) { 
          ^
task\task_mqtt.c(18): warning:  #177-D: variable "flagMqttRunning"  was declared but never referenced
      static bool flagMqttRunning = true;
task\task_mqtt.c: 2 warnings, 0 errors
compiling task_wifi.c...
.\wifi\esp8266helper.h(38): warning:  #1-D: last line of file ends without a newline
  #endif
.\wifi\esp8266.h(26): warning:  #1-D: last line of file ends without a newline
  #endif
task\task_wifi.h(18): warning:  #1-D: last line of file ends without a newline
  #endif
task\task_wifi.c: 3 warnings, 0 errors
compiling flash.c...
..\drivers\flash.c(91): warning:  #177-D: variable "Jump_To_Application"  was declared but never referenced
  	pFunction Jump_To_Application;
..\drivers\flash.c(92): warning:  #177-D: variable "JumpAddress"  was declared but never referenced
  	uint32_t JumpAddress;
..\drivers\flash.c: 2 warnings, 0 errors
compiling board.c...
compiling fifo.c...
compiling led_driver.c...
compiling inout_driver.c...
compiling sim_driver.c...
compiling fiforx.c...
compiling adc_driver.c...
compiling spi1_driver.c...
compiling i2c2_driver.c...
..\drivers\i2c2_driver.c(155): warning:  #177-D: function "i2c2WaitAck"  was declared but never referenced
  static bool i2c2WaitAck(void)
..\drivers\i2c2_driver.c(176): warning:  #177-D: function "i2c2Ack"  was declared but never referenced
  static void i2c2Ack(void)
..\drivers\i2c2_driver.c(189): warning:  #177-D: function "i2c2NAck"  was declared but never referenced
  static void i2c2NAck(void)
..\drivers\i2c2_driver.c: 3 warnings, 0 errors
compiling i2c_driver.c...
..\drivers\i2c_driver.c(59): warning:  #177-D: function "I2C_SDA_IN"  was declared but never referenced
  static void I2C_SDA_IN(void) 
..\drivers\i2c_driver.c(70): warning:  #177-D: function "I2C_SDA_OUT"  was declared but never referenced
  static void I2C_SDA_OUT(void) 
..\drivers\i2c_driver.c: 2 warnings, 0 errors
compiling spi2_driver.c...
compiling w25qx_driver.c...
..\drivers\w25qx_driver.c(112): warning:  #177-D: function "spi1FlashWriteStatusReg"  was declared but never referenced
  static void spi1FlashWriteStatusReg(uint8_t data) 
..\drivers\w25qx_driver.c(147): warning:  #177-D: function "spi1FlashWriteDisable"  was declared but never referenced
  static void spi1FlashWriteDisable(void) 
..\drivers\w25qx_driver.c: 2 warnings, 0 errors
compiling at24cx_driver.c...
compiling usart1_driver.c...
..\drivers\usart1_driver.c(182): warning:  #177-D: variable "data"  was declared but never referenced
  	static uint8_t data;
..\drivers\usart1_driver.c(223): warning:  #1-D: last line of file ends without a newline
    
..\drivers\usart1_driver.c(121): warning:  #177-D: function "USART_CRIS_ENTER"  was declared but never referenced
  static void USART_CRIS_ENTER(void)
..\drivers\usart1_driver.c(127): warning:  #177-D: function "USART_CRIS_EXIT"  was declared but never referenced
  static void USART_CRIS_EXIT(void)
..\drivers\usart1_driver.c: 4 warnings, 0 errors
compiling usart6_driver.c...
..\drivers\usart6_driver.c(99): warning:  #1-D: last line of file ends without a newline
    
..\drivers\usart6_driver.c: 1 warning, 0 errors
compiling usart2_driver.c...
compiling usart3_driver.c...
compiling usart4_driver.c...
compiling timer2_driver.c...
compiling timer3_driver.c...
compiling timer4_driver.c...
compiling timer5_driver.c...
compiling wdg_driver.c...
compiling crc16.c...
compiling w5500_conf.c...
compiling socket.c...
compiling w5500.c...
compiling utility.c...
ethernet\w5500\utility.c(27): warning:  #550-D: variable "fac_ms"  was set but never used
  static uint16_t fac_ms = 0;						/*ms—” ±±∂≥À ˝*/
ethernet\w5500\utility.c: 1 warning, 0 errors
compiling web_server.c...
compiling dhcp.c...
compiling netbios.c...
compiling webutil.c...
ethernet\net\webutil.c(311): warning:  #177-D: variable "ret"  was declared but never referenced
      uint8_t ret = HTTP_OK;
ethernet\net\webutil.c(312): warning:  #177-D: variable "len"  was declared but never referenced
      uint16_t len = 0;
ethernet\net\webutil.c(338): warning:  #177-D: variable "dev_enable_state"  was declared but never referenced
      bool dev_enable_state = false;
ethernet\net\webutil.c(411): warning:  #177-D: variable "len_vsd"  was declared but never referenced
      uint8_t len_vsd;
ethernet\net\webutil.c(673): warning:  #177-D: variable "port"  was declared but never referenced
  	uint16_t port;
ethernet\net\webutil.c(675): warning:  #177-D: variable "flag_mqtt_dns"  was declared but never referenced
      uint8_t flag_mqtt_dns = DNS_DISABLE;
ethernet\net\webutil.c(365): warning:  #177-D: function "make_status_json_callback"  was declared but never referenced
  static void make_status_json_callback(char* buf)
ethernet\net\webutil.c(91): warning:  #177-D: variable "FLASH_BASE_ADDR"  was declared but never referenced
  static uint32_t FLASH_BASE_ADDR = ADDR_FLASH_TEMP;
ethernet\net\webutil.c: 8 warnings, 0 errors
compiling dns.c...
ethernet\net\dns.c(446): warning:  #940-D: missing return statement at end of non-void function "runDNS" 
  }
ethernet\net\dns.c: 1 warning, 0 errors
compiling udp.c...
compiling mqtthelper.c...
mqtt\mqtthelper.c(46): warning:  #940-D: missing return statement at end of non-void function "transport_open" 
  }
mqtt\mqtthelper.c: 1 warning, 0 errors
compiling esp8266.c...
wifi\esp8266helper.h(38): warning:  #1-D: last line of file ends without a newline
  #endif
wifi\esp8266.h(26): warning:  #1-D: last line of file ends without a newline
  #endif
wifi\esp8266.c(58): warning:  #940-D: missing return statement at end of non-void function "wifiSmartlink" 
  }
wifi\esp8266.c: 3 warnings, 0 errors
compiling esp8266helper.c...
wifi\esp8266helper.h(38): warning:  #1-D: last line of file ends without a newline
  #endif
wifi\esp8266helper.c: 1 warning, 0 errors
linking...
..\output\output.axf: Warning: L6340W: options first and last are ignored for link type of scattered
Program Size: Code=51264 RO-data=16136 RW-data=412 ZI-data=95292  
Finished: 0 information, 1 warning and 0 error messages.
FromELF: creating hex file...
After Build - User command #1: C:\Kei5\ARM\ARMCC\bin\fromelf.exe --bin -o  ..\output\huayun.bin ..\output\output.axf
"..\output\output.axf" - 0 Error(s), 38 Warning(s).

<h2>Collection of Component include folders:</h2>
  .\RTE\_firmware
  C:\Kei5\ARM\PACK\Keil\STM32F4xx_DFP\2.9.0\Drivers\CMSIS\Device\ST\STM32F4xx\Include

<h2>Collection of Component Files used:</h2>
Build Time Elapsed:  00:01:01
</pre>
</body>
</html>
